This is LuaHBTeX, Version 1.24.0 (TeX Live 2026)  (format=lualatex 2026.3.1)  16 AUG 2026 19:24
**_combined_manuscript.tex
(./_combined_manuscript.tex
LaTeX2e <2025-11-01>
L3 programming layer <2026-01-19>
Lua module: luaotfload 2024-12-03 v3.29 Lua based OpenType font support
Lua module: lualibs 2023-07-13 v2.76 ConTeXt Lua standard libraries.
Lua module: lualibs-extended 2023-07-13 v2.76 ConTeXt Lua libraries -- extended
collection.
luaotfload | conf : Root cache directory is "<home>/Library/texlive/2026bas
ic/texmf-var/luatex-cache/generic/names".
luaotfload | init : Loading fontloader "fontloader-2023-12-28.lua" from kpse-res
olved path "/usr/local/texlive/2026basic/texmf-dist/tex/luatex/luaotfload/fontlo
ader-2023-12-28.lua".
Lua-only attribute luaotfload@noligature = 1
luaotfload | init : Context OpenType loader version 3.134
Inserting `luaotfload.node_processor' in `pre_linebreak_filter'.
Inserting `luaotfload.node_processor' in `hpack_filter'.
Inserting `luaotfload.glyph_stream' in `glyph_stream_provider'.
Inserting `luaotfload.define_font' in `define_font'.
Lua-only attribute luaotfload_color_attribute = 2
luaotfload | conf : Root cache directory is "<home>/Library/texlive/2026bas
ic/texmf-var/luatex-cache/generic/names".
Inserting `luaotfload.harf.strip_prefix' in `find_opentype_file'.
Inserting `luaotfload.harf.strip_prefix' in `find_truetype_file'.
Removing  `luaotfload.glyph_stream' from `glyph_stream_provider'.
Inserting `luaotfload.harf.glyphstream' in `glyph_stream_provider'.
Inserting `luaotfload.harf.finalize_vlist' in `post_linebreak_filter'.
Inserting `luaotfload.harf.finalize_hlist' in `hpack_filter'.
Inserting `luaotfload.cleanup_files' in `wrapup_run'.
Inserting `luaotfload.harf.finalize_unicode' in `finish_pdffile'.
Inserting `luaotfload.glyphinfo' in `glyph_info'.
Lua-only attribute luaotfload.letterspace_done = 3
Inserting `luaotfload.aux.set_sscale_dimens' in `luaotfload.patch_font'.
Inserting `luaotfload.aux.set_font_index' in `luaotfload.patch_font'.
Inserting `luaotfload.aux.patch_cambria_domh' in `luaotfload.patch_font'.
Inserting `luaotfload.aux.fixup_fontdata' in `luaotfload.patch_font_unsafe'.
Inserting `luaotfload.aux.set_capheight' in `luaotfload.patch_font'.
Inserting `luaotfload.aux.set_xheight' in `luaotfload.patch_font'.
Inserting `luaotfload.rewrite_fontname' in `luaotfload.patch_font'.
Inserting `tracingstacklevels' in `input_level_string'.
(/usr/local/texlive/2026basic/texmf-dist/tex/latex/latex-lab/documentmetadata-s
upport.ltx
(/usr/local/texlive/2026basic/texmf-dist/tex/latex/pdfmanagement-testphase/pdfm
anagement-testphase.sty
Package: pdfmanagement-testphase 2026-01-23 v0.96y LaTeX PDF management bundle

(/usr/local/texlive/2026basic/texmf-dist/tex/latex/tagpdf/tagpdf-base.sty
Package: tagpdf-base 2026-01-29 v0.99y part of tagpdf - provide base, no-op ver
sions of the user commands
\c@g__tag_MCID_abs_int=\count273
\c@g__tag_struct_abs_int=\count274
)
(/usr/local/texlive/2026basic/texmf-dist/tex/latex/pdfmanagement-testphase/pdfm
anagement.ltx
File: pdfmanagement.ltx 2026-01-23 v0.96y PDF management code
\g__pdfmanagement_EmbeddedFiles_int=\count275
\l__pdfmeta_xmp_indent_int=\count276
\g_pdffile_embed_pdfa_int=\count277
\g_pdffile_embed_nonpdfa_int=\count278
)))
(/usr/local/texlive/2026basic/texmf-dist/tex/latex/l3backend/l3backend-luatex.d
ef
File: l3backend-luatex.def 2025-10-09 L3 backend support: PDF output (LuaTeX)
\l__color_backend_stack_int=\count279
Inserting `l3color' in `luaotfload.parse_color'.
Inserting `l3opacity' in `luaotfload.parse_transparent'.)
(/usr/local/texlive/2026basic/texmf-dist/tex/latex/pdfmanagement-testphase/l3ba
ckend-testphase-luatex.def
File: l3backend-testphase-luatex.def 2026-01-23 v0.96y LaTeX PDF management bun
dle backend support:PDFoutput(LuaTeX)
\l__pdf_backend_tmpa_box=\box53
\l__pdf_backend_tmpb_box=\box54
\g__pdf_backend_resourceid_int=\count280
\g__pdf_backend_name_int=\count281
\g__pdf_backend_page_int=\count282
Custom whatsit pdf_link_adjust_level = 1
Inserting `linksplit' in `pre_shipout_filter'.
Lua function pdflinkadjustlevel = 31)
(/usr/local/texlive/2026basic/texmf-dist/tex/latex/latex-lab/latex-lab-testphas
e-latest.sty
Package: latex-lab-testphase-latest 2025-09-13 v0.1d latex-lab modules

(/usr/local/texlive/2026basic/texmf-dist/tex/latex/tagpdf/tagpdf.sty
Package: tagpdf 2026-01-29 v0.99y  LaTeX kernel code for PDF tagging
\l__tag_tmpa_int=\count283
\l__tag_tmpa_box=\box55
\l__tag_tmpb_box=\box56
\l__tag_loglevel_int=\count284
\g__tag_unique_cnt_int=\count285
\l__tag_tag_stop_int=\count286

(/usr/local/texlive/2026basic/texmf-dist/tex/latex/tagpdf/tagpdf-luatex.def
File: tagpdf-luatex.def 2026-01-29 v0.99y tagpdf driver for luatex
luaotfload | db : Font names database loaded from <home>/Library/texlive/20
26basic/texmf-var/luatex-cache/generic/names/luaotfload-names.luc.gz
Lua module: tagpdf 2026-01-29 v0.99y tagpdf lua code
Lua-only attribute g__tag_mc_type_attr = 4
Lua-only attribute g__tag_mc_cnt_attr = 5
Lua-only attribute g__tag_structnum_attr = 6
Lua-only attribute g__tag_interwordspaceOff_attr = 7
Lua-only attribute g__tag_interwordspace_attr = 8
Lua-only attribute g__tag_interwordfont_attr = 9
Lua-only attribute l__tag_softhyphen_attr = 10
Inserting `tagpdf.rewrite-softhyphen' in `pre_shaping_filter'.
Inserting `tagpdf.rewrite-softhyphen' in `post_shaping_filter'.
Inserting `tagpdf' in `linksplit'.)
(/usr/local/texlive/2026basic/texmf-dist/tex/latex/tagpdf/tagpdf-mc-code-lua.st
y
Package: tagpdf-mc-code-lua 2026-01-29 v0.99y tagpdf - mc code only for the lua
mode
)
\g__tag_tree_id_pad_int=\count287
\c@g__tag_parenttree_obj_int=\count288

Package tagpdf Info: reading namespace definitions tagpdf-ns-pdf.def


Package tagpdf Info: reading namespace definitions tagpdf-ns-pdf2.def


Package tagpdf Info: reading namespace definitions tagpdf-ns-mathml.def


Package tagpdf Info: reading namespace definitions tagpdf-ns-latex-book.def


Package tagpdf Info: reading namespace definitions tagpdf-ns-latex.def


Package tagpdf Info: reading namespace definitions tagpdf-ns-latex-lab.def


Package tagpdf Info: reading namespace definitions tagpdf-ns-pdf.def


Package tagpdf Info: reading namespace definitions tagpdf-ns-pdf2.def

\g__tag_struct_AFobj_int=\count289
\g__tag_para_begin_int=\count290
\g__tag_para_end_int=\count291
\g__tag_para_main_begin_int=\count292
\g__tag_para_main_end_int=\count293
)
(/usr/local/texlive/2026basic/texmf-dist/tex/latex/latex-lab/latex-lab-testphas
e-names.sty
Package: latex-lab-testphase-names 2025-08-14 v0.8f Code related to the names o
f tags
)
(/usr/local/texlive/2026basic/texmf-dist/tex/latex/latex-lab/latex-lab-testphas
e-new-or-2.sty
Package: latex-lab-testphase-new-or-2 2025-05-10 v0.86d Changes to the output r
outine

(/usr/local/texlive/2026basic/texmf-dist/tex/latex/latex-lab/latex-lab-footnote
s.ltx
File: latex-lab-footnotes.ltx 2025-07-04 v0.8o changes to the footnote interfac
es
\footnotemargin=\dimen147
\g_fnote_id_int=\count294
))
(/usr/local/texlive/2026basic/texmf-dist/tex/latex/latex-lab/latex-lab-testphas
e-block.sty
Package: latex-lab-testphase-block 2025-07-26 v0.9k blockenv implementation

(/usr/local/texlive/2026basic/texmf-dist/tex/latex/latex-lab/latex-lab-kernel-c
hanges.sty
Package: latex-lab-kernel-changes 2025-07-09 v0.85i General kernel and class ch
anges

(/usr/local/texlive/2026basic/texmf-dist/tex/generic/pdftex/glyphtounicode.tex)
(/usr/local/texlive/2026basic/texmf-dist/tex/latex/latex-lab/glyphtounicode-cme
x.tex))
(/usr/local/texlive/2026basic/texmf-dist/tex/latex/latex-lab/latex-lab-testphas
e-context.sty
Package: latex-lab-testphase-context 2025-10-09 v0.5b Providing context for ins
tance, etc.
)

LaTeX template Info: Declaring template type 'blockenv' taking 1 argument(s)
(template)           on line 96.


LaTeX template Info: Declaring template type 'block' taking 1 argument(s) on
(template)           line 97.


LaTeX template Info: Declaring template type 'para' taking 1 argument(s) on
(template)           line 98.


LaTeX template Info: Declaring template type 'list' taking 1 argument(s) on
(template)           line 99.


LaTeX template Info: Declaring template type 'item' taking 1 argument(s) on
(template)           line 100.

\c@maxblocklevels=\count295
\l__par_start_skip=\skip49
\l__block_botsep_skip=\skip50
\l__block_parbotsep_skip=\skip51
\l__block_parindent_dim=\dimen148
\l__block_counter_start_int=\count296
\l__block_one_label_box=\box57
\g__block_labels_box=\box58
\l__block_tmpa_skip=\skip52
\l__block_topsepadd_skip=\skip53
\l__block_effective_top_skip=\skip54
LaTeX Info: Redefining \centering on input line 1476.
LaTeX Info: Redefining \raggedleft on input line 1477.
LaTeX Info: Redefining \raggedright on input line 1478.
)
(/usr/local/texlive/2026basic/texmf-dist/tex/latex/latex-lab/latex-lab-testphas
e-sec.sty
Package: latex-lab-testphase-sec 2025-10-20 v0.84k Code related to the tagging
of sectioning commands
)
(/usr/local/texlive/2026basic/texmf-dist/tex/latex/latex-lab/latex-lab-testphas
e-toc.sty
Package: latex-lab-testphase-toc 2025-07-02 v0.85h  Code related to the tagging
 of toc-like lists
\g__tag_toc_level_int=\count297
)
(/usr/local/texlive/2026basic/texmf-dist/tex/latex/latex-lab/latex-lab-testphas
e-minipage.sty
Package: latex-lab-testphase-minipage 2025-05-10 v0.81g Code related to the tag
ging of minipages and parboxes

(/usr/local/texlive/2026basic/texmf-dist/tex/latex/latex-lab/latex-lab-testphas
e-new-or-1.sty
Package: latex-lab-testphase-new-or-1 2025-05-10 v0.85d Temporary output patche
s for tagging and better link support -- no longer active
))
(/usr/local/texlive/2026basic/texmf-dist/tex/latex/latex-lab/latex-lab-testphas
e-graphic.sty
Package: latex-lab-testphase-graphic 2025-09-25 v0.80i Code related to the tagg
ing of graphics
\g__tag_graphic_int=\count298
)
(/usr/local/texlive/2026basic/texmf-dist/tex/latex/latex-lab/latex-lab-testphas
e-float.sty
Package: latex-lab-testphase-float 2025-10-17 v0.81l Code related to the taggin
g of floats
\g__tag_float_int=\count299
)
(/usr/local/texlive/2026basic/texmf-dist/tex/latex/latex-lab/latex-lab-testphas
e-bib.sty
Package: latex-lab-testphase-bib 2025-05-09 v0.81c Code related to the tagging
of bibliography and cite command
)
(/usr/local/texlive/2026basic/texmf-dist/tex/latex/latex-lab/latex-lab-testphas
e-text.sty
Package: latex-lab-testphase-text 2025-05-10 v0.85f Code related to the tagging
 of various small text commands
LaTeX Info: Redefining \mbox on input line 84.
)
(/usr/local/texlive/2026basic/texmf-dist/tex/latex/latex-lab/latex-lab-testphas
e-marginpar.sty
Package: latex-lab-testphase-marginpar 2025-07-23 v0.85h Changes related to the
 tagging of the margin notes
\g__kernel_marginpar_int=\count300
)
(/usr/local/texlive/2026basic/texmf-dist/tex/latex/latex-lab/latex-lab-testphas
e-title.sty
Package: latex-lab-testphase-title 2025-03-08 v0.85d Changes related to the tag
ging of the title
)
(/usr/local/texlive/2026basic/texmf-dist/tex/latex/latex-lab/latex-lab-testphas
e-table.sty
Package: latex-lab-testphase-table 2025-08-01 v0.85s Code related to the taggin
g of tables
 (/usr/local/texlive/2026basic/texmf-dist/tex/latex/tools/array.sty
Package: array 2025/09/25 v2.6n Tabular extension package (FMi)
\col@sep=\dimen149
\ar@mcellbox=\box59
\extrarowheight=\dimen150
\NC@list=\toks17
\extratabsurround=\skip55
\backup@length=\skip56
\ar@cellbox=\box60
))
(/usr/local/texlive/2026basic/texmf-dist/tex/latex/latex-lab/latex-lab-testphas
e-math.sty
Package: latex-lab-testphase-math 2025-03-10 v0.8d code related to the math tag
ging

(/usr/local/texlive/2026basic/texmf-dist/tex/latex/latex-lab/latex-lab-math.ltx
File: latex-lab-math.ltx 2025-10-02 v0.6w Grab all the math(s) and tag it (expe
riments)
\l__math_tmpa_skip=\skip57
\g__math_mathml_total_int=\count301
\g__math_mathml_int=\count302
\g__math_math_total_int=\count303
\g__math_mathml_AF_found_int=\count304
\g__math_mathml_AF_attached_int=\count305
\l__math_tmpa_box=\box61
\l__math_mathstyle_int=\count306
\g__math_mathchoice_int=\count307
\l__math_grab_env_int=\count308
\g__math_postdisplaypenalty_int=\count309
)
(/usr/local/texlive/2026basic/texmf-dist/tex/latex/latex-lab/latex-lab-mathpkg.
ltx
File: latex-lab-mathpkg.ltx 2025-06-20 v0.1c mathpkg adaptions
)
(/usr/local/texlive/2026basic/texmf-dist/tex/latex/latex-lab/latex-lab-mathinte
nt.ltx
File: latex-lab-mathintent.ltx 2025-08-03 v0.1c MathML intent attributes
))
(/usr/local/texlive/2026basic/texmf-dist/tex/latex/latex-lab/latex-lab-testphas
e-firstaid.sty
Package: latex-lab-testphase-firstaid 2025-11-03 v2025-11-03 Temporary patches
to external packages needed for the tagging project
)
(/usr/local/texlive/2026basic/texmf-dist/tex/latex/latex-lab/latex-lab-testphas
e-tikz.sty
Package: latex-lab-testphase-tikz 2025-09-27 v0.80d Code related to the tagging
 of tikz pictures
))
(/usr/local/texlive/2026basic/texmf-dist/tex/latex/pdfmanagement-testphase/pdfm
anagement-firstaid.sty
Package: pdfmanagement-firstaid 2026-01-23 v0.96y LaTeX PDF management bundle /
 firstaid-patches

Package pdfmanagement Info: loading pdfmanagement firstaid code for pgf

)
Inserting `markspaces' in `pre_linebreak_filter'.
Inserting `markspaces' in `hpack_filter'.
(/usr/local/texlive/2026basic/texmf-dist/tex/latex/base/article.cls
Document Class: article 2025/01/22 v1.4n Standard LaTeX document class
(/usr/local/texlive/2026basic/texmf-dist/tex/latex/base/size10.clo
File: size10.clo 2025/01/22 v1.4n Standard LaTeX file (size option)
)
\c@part=\count310
\c@section=\count311
\c@subsection=\count312
\c@subsubsection=\count313
\c@paragraph=\count314
\c@subparagraph=\count315
\c@figure=\count316
\c@table=\count317
\abovecaptionskip=\skip58
\belowcaptionskip=\skip59
\bibindent=\dimen151
)
(/usr/local/texlive/2026basic/texmf-dist/tex/latex/xcolor/xcolor.sty
Package: xcolor 2024/09/29 v3.02 LaTeX color extensions (UK)

(/usr/local/texlive/2026basic/texmf-dist/tex/latex/graphics-cfg/color.cfg
File: color.cfg 2016/01/02 v1.6 sample color configuration
)
Package xcolor Info: Driver file: luatex.def on input line 274.

(/usr/local/texlive/2026basic/texmf-dist/tex/latex/graphics-def/luatex.def
File: luatex.def 2025/09/29 v1.2f Graphics/color driver for luatex
)
(/usr/local/texlive/2026basic/texmf-dist/tex/latex/graphics/mathcolor.ltx)
Package xcolor Info: Model `cmy' substituted by `cmy0' on input line 1349.
Package xcolor Info: Model `hsb' substituted by `rgb' on input line 1353.
Package xcolor Info: Model `RGB' extended on input line 1365.
Package xcolor Info: Model `HTML' substituted by `rgb' on input line 1367.
Package xcolor Info: Model `Hsb' substituted by `hsb' on input line 1368.
Package xcolor Info: Model `tHsb' substituted by `hsb' on input line 1369.
Package xcolor Info: Model `HSB' substituted by `hsb' on input line 1370.
Package xcolor Info: Model `Gray' substituted by `gray' on input line 1371.
Package xcolor Info: Model `wave' substituted by `hsb' on input line 1372.
)
(/usr/local/texlive/2026basic/texmf-dist/tex/latex/pdfmanagement-testphase/xcol
or-patches-tmp-ltx.sty
Package: xcolor-patches-tmp-ltx 2026-01-23 v0.96y patch xcolor for l3color
)
(/usr/local/texlive/2026basic/texmf-dist/tex/latex/amsmath/amsmath.sty
Package: amsmath 2025/07/09 v2.17z AMS math features
\@mathmargin=\skip60

For additional information on amsmath, use the `?' option.
(/usr/local/texlive/2026basic/texmf-dist/tex/latex/amsmath/amstext.sty
Package: amstext 2024/11/17 v2.01 AMS text

(/usr/local/texlive/2026basic/texmf-dist/tex/latex/amsmath/amsgen.sty
File: amsgen.sty 1999/11/30 v2.0 generic functions
\@emptytoks=\toks18
\ex@=\dimen152
))
(/usr/local/texlive/2026basic/texmf-dist/tex/latex/amsmath/amsbsy.sty
Package: amsbsy 1999/11/29 v1.2d Bold Symbols
\pmbraise@=\dimen153
)
(/usr/local/texlive/2026basic/texmf-dist/tex/latex/amsmath/amsopn.sty
Package: amsopn 2022/04/08 v2.04 operator names
)
\inf@bad=\count318
LaTeX Info: Redefining \frac on input line 235.
\uproot@=\count319
\leftroot@=\count320
LaTeX Info: Redefining \overline on input line 398.
LaTeX Info: Redefining \colon on input line 409.
\classnum@=\count321
\DOTSCASE@=\count322
LaTeX Info: Redefining \ldots on input line 495.
LaTeX Info: Redefining \dots on input line 498.
LaTeX Info: Redefining \cdots on input line 619.
\Mathstrutbox@=\box62
\strutbox@=\box63
LaTeX Info: Redefining \big on input line 721.
LaTeX Info: Redefining \Big on input line 722.
LaTeX Info: Redefining \bigg on input line 723.
LaTeX Info: Redefining \Bigg on input line 724.
\big@size=\dimen154
LaTeX Font Info:    Redeclaring font encoding OML on input line 742.
LaTeX Font Info:    Redeclaring font encoding OMS on input line 743.
\macc@depth=\count323
LaTeX Info: Redefining \bmod on input line 904.
LaTeX Info: Redefining \pmod on input line 909.
LaTeX Info: Redefining \smash on input line 939.
LaTeX Info: Redefining \relbar on input line 969.
LaTeX Info: Redefining \Relbar on input line 970.
\c@MaxMatrixCols=\count324
\dotsspace@=\muskip17
\c@parentequation=\count325
\dspbrk@lvl=\count326
\tag@help=\toks19
\row@=\count327
\column@=\count328
\maxfields@=\count329
\andhelp@=\toks20
\eqnshift@=\dimen155
\alignsep@=\dimen156
\tagshift@=\dimen157
\tagwidth@=\dimen158
\totwidth@=\dimen159
\lineht@=\dimen160
\@envbody=\toks21
\multlinegap=\skip61
\multlinetaggap=\skip62
\mathdisplay@stack=\toks22
LaTeX Info: Redefining \[ on input line 2950.
LaTeX Info: Redefining \] on input line 2951.
)
(/usr/local/texlive/2026basic/texmf-dist/tex/latex/latex-lab/latex-lab-amsmath.
ltx
File: latex-lab-amsmath.ltx 2025-09-29 v0.1i amsmath adaptions
LaTeX Info: Redefining \eqref on input line 57.
) (/usr/local/texlive/2026basic/texmf-dist/tex/latex/amsfonts/amssymb.sty
Package: amssymb 2013/01/14 v3.01 AMS font symbols

(/usr/local/texlive/2026basic/texmf-dist/tex/latex/amsfonts/amsfonts.sty
Package: amsfonts 2013/01/14 v3.01 Basic AMSFonts support
\symAMSa=\mathgroup4
\symAMSb=\mathgroup5
LaTeX Font Info:    Redeclaring math symbol \hbar on input line 98.
LaTeX Font Info:    Overwriting math alphabet `\mathfrak' in version `bold'
(Font)                  U/euf/m/n --> U/euf/b/n on input line 106.
))
(/usr/local/texlive/2026basic/texmf-dist/tex/generic/iftex/iftex.sty
Package: iftex 2024/12/12 v1.0g TeX engine tests
)
(/usr/local/texlive/2026basic/texmf-dist/tex/latex/unicode-math/unicode-math.st
y (/usr/local/texlive/2026basic/texmf-dist/tex/latex/l3kernel/expl3.sty
Package: expl3 2026-01-19 L3 programming layer (loader)
)
Package: unicode-math 2023/08/13 v0.8r Unicode maths in XeLaTeX and LuaLaTeX

(/usr/local/texlive/2026basic/texmf-dist/tex/latex/unicode-math/unicode-math-lu
atex.sty
Package: unicode-math-luatex 2023/08/13 v0.8r Unicode maths in XeLaTeX and LuaL
aTeX

(/usr/local/texlive/2026basic/texmf-dist/tex/latex/l3packages/xparse/xparse.sty
Package: xparse 2025-10-09 L3 Experimental document command parser
)
(/usr/local/texlive/2026basic/texmf-dist/tex/latex/l3packages/l3keys2e/l3keys2e
.sty
Package: l3keys2e 2025-10-09 LaTeX2e option processing using LaTeX3 keys
) (/usr/local/texlive/2026basic/texmf-dist/tex/latex/fontspec/fontspec.sty
Package: fontspec 2025/09/29 v2.9g Font selection for XeLaTeX and LuaLaTeX
Lua module: fontspec 2025/09/29 v2.9g Font selection for XeLaTeX and LuaLaTeX
(/usr/local/texlive/2026basic/texmf-dist/tex/latex/fontspec/fontspec-luatex.sty
Package: fontspec-luatex 2025/09/29 v2.9g Font selection for XeLaTeX and LuaLaT
eX
\l__fontspec_script_int=\count330
\l__fontspec_language_int=\count331
\l__fontspec_strnum_int=\count332
\l__fontspec_tmp_int=\count333
\l__fontspec_tmpa_int=\count334
\l__fontspec_tmpb_int=\count335
\l__fontspec_tmpc_int=\count336
\l__fontspec_em_int=\count337
\l__fontspec_emdef_int=\count338
\l__fontspec_strong_int=\count339
\l__fontspec_strongdef_int=\count340
\l__fontspec_tmpa_dim=\dimen161
\l__fontspec_tmpb_dim=\dimen162
\l__fontspec_tmpc_dim=\dimen163
(/usr/local/texlive/2026basic/texmf-dist/tex/latex/base/fontenc.sty
Package: fontenc 2025/07/18 v2.1d Standard LaTeX package
)
(/usr/local/texlive/2026basic/texmf-dist/tex/latex/fontspec/fontspec.cfg)))
(/usr/local/texlive/2026basic/texmf-dist/tex/latex/base/fix-cm.sty
Package: fix-cm 2020/11/24 v1.1t fixes to LaTeX

(/usr/local/texlive/2026basic/texmf-dist/tex/latex/base/ts1enc.def
File: ts1enc.def 2001/06/05 v3.0e (jk/car/fm) Standard LaTeX file
LaTeX Font Info:    Redeclaring font encoding TS1 on input line 47.
LaTeX Encoding Info:    Redeclaring text command \capitalcedilla (encoding TS1)
 on input line 49.
LaTeX Encoding Info:    Redeclaring text command \capitalogonek (encoding TS1)
on input line 52.
LaTeX Encoding Info:    Redeclaring text command \capitalgrave (encoding TS1) o
n input line 55.
LaTeX Encoding Info:    Redeclaring text command \capitalacute (encoding TS1) o
n input line 56.
LaTeX Encoding Info:    Redeclaring text command \capitalcircumflex (encoding T
S1) on input line 57.
LaTeX Encoding Info:    Redeclaring text command \capitaltilde (encoding TS1) o
n input line 58.
LaTeX Encoding Info:    Redeclaring text command \capitaldieresis (encoding TS1
) on input line 59.
LaTeX Encoding Info:    Redeclaring text command \capitalhungarumlaut (encoding
 TS1) on input line 60.
LaTeX Encoding Info:    Redeclaring text command \capitalring (encoding TS1) on
 input line 61.
LaTeX Encoding Info:    Redeclaring text command \capitalcaron (encoding TS1) o
n input line 62.
LaTeX Encoding Info:    Redeclaring text command \capitalbreve (encoding TS1) o
n input line 63.
LaTeX Encoding Info:    Redeclaring text command \capitalmacron (encoding TS1)
on input line 64.
LaTeX Encoding Info:    Redeclaring text command \capitaldotaccent (encoding TS
1) on input line 65.
LaTeX Encoding Info:    Redeclaring text command \t (encoding TS1) on input lin
e 66.
LaTeX Encoding Info:    Redeclaring text command \capitaltie (encoding TS1) on
input line 67.
LaTeX Encoding Info:    Redeclaring text command \newtie (encoding TS1) on inpu
t line 68.
LaTeX Encoding Info:    Redeclaring text command \capitalnewtie (encoding TS1)
on input line 69.
LaTeX Encoding Info:    Redeclaring text symbol \textcapitalcompwordmark (encod
ing TS1) on input line 70.
LaTeX Encoding Info:    Redeclaring text symbol \textascendercompwordmark (enco
ding TS1) on input line 71.
LaTeX Encoding Info:    Redeclaring text symbol \textquotestraightbase (encodin
g TS1) on input line 72.
LaTeX Encoding Info:    Redeclaring text symbol \textquotestraightdblbase (enco
ding TS1) on input line 73.
LaTeX Encoding Info:    Redeclaring text symbol \texttwelveudash (encoding TS1)
 on input line 74.
LaTeX Encoding Info:    Redeclaring text symbol \textthreequartersemdash (encod
ing TS1) on input line 75.
LaTeX Encoding Info:    Redeclaring text symbol \textleftarrow (encoding TS1) o
n input line 76.
LaTeX Encoding Info:    Redeclaring text symbol \textrightarrow (encoding TS1)
on input line 77.
LaTeX Encoding Info:    Redeclaring text symbol \textblank (encoding TS1) on in
put line 78.
LaTeX Encoding Info:    Redeclaring text symbol \textdollar (encoding TS1) on i
nput line 79.
LaTeX Encoding Info:    Redeclaring text symbol \textquotesingle (encoding TS1)
 on input line 80.
LaTeX Encoding Info:    Redeclaring text command \textasteriskcentered (encodin
g TS1) on input line 81.
LaTeX Encoding Info:    Redeclaring text symbol \textdblhyphen (encoding TS1) o
n input line 92.
LaTeX Encoding Info:    Redeclaring text symbol \textfractionsolidus (encoding
TS1) on input line 93.
LaTeX Encoding Info:    Redeclaring text symbol \textzerooldstyle (encoding TS1
) on input line 94.
LaTeX Encoding Info:    Redeclaring text symbol \textoneoldstyle (encoding TS1)
 on input line 95.
LaTeX Encoding Info:    Redeclaring text symbol \texttwooldstyle (encoding TS1)
 on input line 96.
LaTeX Encoding Info:    Redeclaring text symbol \textthreeoldstyle (encoding TS
1) on input line 97.
LaTeX Encoding Info:    Redeclaring text symbol \textfouroldstyle (encoding TS1
) on input line 98.
LaTeX Encoding Info:    Redeclaring text symbol \textfiveoldstyle (encoding TS1
) on input line 99.
LaTeX Encoding Info:    Redeclaring text symbol \textsixoldstyle (encoding TS1)
 on input line 100.
LaTeX Encoding Info:    Redeclaring text symbol \textsevenoldstyle (encoding TS
1) on input line 101.
LaTeX Encoding Info:    Redeclaring text symbol \texteightoldstyle (encoding TS
1) on input line 102.
LaTeX Encoding Info:    Redeclaring text symbol \textnineoldstyle (encoding TS1
) on input line 103.
LaTeX Encoding Info:    Redeclaring text symbol \textlangle (encoding TS1) on i
nput line 104.
LaTeX Encoding Info:    Redeclaring text symbol \textminus (encoding TS1) on in
put line 105.
LaTeX Encoding Info:    Redeclaring text symbol \textrangle (encoding TS1) on i
nput line 106.
LaTeX Encoding Info:    Redeclaring text symbol \textmho (encoding TS1) on inpu
t line 107.
LaTeX Encoding Info:    Redeclaring text symbol \textbigcircle (encoding TS1) o
n input line 108.
LaTeX Encoding Info:    Redeclaring text command \textcircled (encoding TS1) on
 input line 109.
LaTeX Encoding Info:    Redeclaring text symbol \textohm (encoding TS1) on inpu
t line 115.
LaTeX Encoding Info:    Redeclaring text symbol \textlbrackdbl (encoding TS1) o
n input line 116.
LaTeX Encoding Info:    Redeclaring text symbol \textrbrackdbl (encoding TS1) o
n input line 117.
LaTeX Encoding Info:    Redeclaring text symbol \textuparrow (encoding TS1) on
input line 118.
LaTeX Encoding Info:    Redeclaring text symbol \textdownarrow (encoding TS1) o
n input line 119.
LaTeX Encoding Info:    Redeclaring text symbol \textasciigrave (encoding TS1)
on input line 120.
LaTeX Encoding Info:    Redeclaring text symbol \textborn (encoding TS1) on inp
ut line 121.
LaTeX Encoding Info:    Redeclaring text symbol \textdivorced (encoding TS1) on
 input line 122.
LaTeX Encoding Info:    Redeclaring text symbol \textdied (encoding TS1) on inp
ut line 123.
LaTeX Encoding Info:    Redeclaring text symbol \textleaf (encoding TS1) on inp
ut line 124.
LaTeX Encoding Info:    Redeclaring text symbol \textmarried (encoding TS1) on
input line 125.
LaTeX Encoding Info:    Redeclaring text symbol \textmusicalnote (encoding TS1)
 on input line 126.
LaTeX Encoding Info:    Redeclaring text symbol \texttildelow (encoding TS1) on
 input line 127.
LaTeX Encoding Info:    Redeclaring text symbol \textdblhyphenchar (encoding TS
1) on input line 128.
LaTeX Encoding Info:    Redeclaring text symbol \textasciibreve (encoding TS1)
on input line 129.
LaTeX Encoding Info:    Redeclaring text symbol \textasciicaron (encoding TS1)
on input line 130.
LaTeX Encoding Info:    Redeclaring text symbol \textacutedbl (encoding TS1) on
 input line 131.
LaTeX Encoding Info:    Redeclaring text symbol \textgravedbl (encoding TS1) on
 input line 132.
LaTeX Encoding Info:    Redeclaring text symbol \textdagger (encoding TS1) on i
nput line 133.
LaTeX Encoding Info:    Redeclaring text symbol \textdaggerdbl (encoding TS1) o
n input line 134.
LaTeX Encoding Info:    Redeclaring text symbol \textbardbl (encoding TS1) on i
nput line 135.
LaTeX Encoding Info:    Redeclaring text symbol \textperthousand (encoding TS1)
 on input line 136.
LaTeX Encoding Info:    Redeclaring text symbol \textbullet (encoding TS1) on i
nput line 137.
LaTeX Encoding Info:    Redeclaring text symbol \textcelsius (encoding TS1) on
input line 138.
LaTeX Encoding Info:    Redeclaring text symbol \textdollaroldstyle (encoding T
S1) on input line 139.
LaTeX Encoding Info:    Redeclaring text symbol \textcentoldstyle (encoding TS1
) on input line 140.
LaTeX Encoding Info:    Redeclaring text symbol \textflorin (encoding TS1) on i
nput line 141.
LaTeX Encoding Info:    Redeclaring text symbol \textcolonmonetary (encoding TS
1) on input line 142.
LaTeX Encoding Info:    Redeclaring text symbol \textwon (encoding TS1) on inpu
t line 143.
LaTeX Encoding Info:    Redeclaring text symbol \textnaira (encoding TS1) on in
put line 144.
LaTeX Encoding Info:    Redeclaring text symbol \textguarani (encoding TS1) on
input line 145.
LaTeX Encoding Info:    Redeclaring text symbol \textpeso (encoding TS1) on inp
ut line 146.
LaTeX Encoding Info:    Redeclaring text symbol \textlira (encoding TS1) on inp
ut line 147.
LaTeX Encoding Info:    Redeclaring text symbol \textrecipe (encoding TS1) on i
nput line 148.
LaTeX Encoding Info:    Redeclaring text symbol \textinterrobang (encoding TS1)
 on input line 149.
LaTeX Encoding Info:    Redeclaring text symbol \textinterrobangdown (encoding
TS1) on input line 150.
LaTeX Encoding Info:    Redeclaring text symbol \textdong (encoding TS1) on inp
ut line 151.
LaTeX Encoding Info:    Redeclaring text symbol \texttrademark (encoding TS1) o
n input line 152.
LaTeX Encoding Info:    Redeclaring text symbol \textpertenthousand (encoding T
S1) on input line 153.
LaTeX Encoding Info:    Redeclaring text symbol \textpilcrow (encoding TS1) on
input line 154.
LaTeX Encoding Info:    Redeclaring text symbol \textbaht (encoding TS1) on inp
ut line 155.
LaTeX Encoding Info:    Redeclaring text symbol \textnumero (encoding TS1) on i
nput line 156.
LaTeX Encoding Info:    Redeclaring text symbol \textdiscount (encoding TS1) on
 input line 157.
LaTeX Encoding Info:    Redeclaring text symbol \textestimated (encoding TS1) o
n input line 158.
LaTeX Encoding Info:    Redeclaring text symbol \textopenbullet (encoding TS1)
on input line 159.
LaTeX Encoding Info:    Redeclaring text symbol \textservicemark (encoding TS1)
 on input line 160.
LaTeX Encoding Info:    Redeclaring text symbol \textlquill (encoding TS1) on i
nput line 161.
LaTeX Encoding Info:    Redeclaring text symbol \textrquill (encoding TS1) on i
nput line 162.
LaTeX Encoding Info:    Redeclaring text symbol \textcent (encoding TS1) on inp
ut line 163.
LaTeX Encoding Info:    Redeclaring text symbol \textsterling (encoding TS1) on
 input line 164.
LaTeX Encoding Info:    Redeclaring text symbol \textcurrency (encoding TS1) on
 input line 165.
LaTeX Encoding Info:    Redeclaring text symbol \textyen (encoding TS1) on inpu
t line 166.
LaTeX Encoding Info:    Redeclaring text symbol \textbrokenbar (encoding TS1) o
n input line 167.
LaTeX Encoding Info:    Redeclaring text symbol \textsection (encoding TS1) on
input line 168.
LaTeX Encoding Info:    Redeclaring text symbol \textasciidieresis (encoding TS
1) on input line 169.
LaTeX Encoding Info:    Redeclaring text symbol \textcopyright (encoding TS1) o
n input line 170.
LaTeX Encoding Info:    Redeclaring text symbol \textordfeminine (encoding TS1)
 on input line 171.
LaTeX Encoding Info:    Redeclaring text symbol \textcopyleft (encoding TS1) on
 input line 172.
LaTeX Encoding Info:    Redeclaring text symbol \textlnot (encoding TS1) on inp
ut line 173.
LaTeX Encoding Info:    Redeclaring text symbol \textcircledP (encoding TS1) on
 input line 174.
LaTeX Encoding Info:    Redeclaring text symbol \textregistered (encoding TS1)
on input line 175.
LaTeX Encoding Info:    Redeclaring text symbol \textasciimacron (encoding TS1)
 on input line 176.
LaTeX Encoding Info:    Redeclaring text symbol \textdegree (encoding TS1) on i
nput line 177.
LaTeX Encoding Info:    Redeclaring text symbol \textpm (encoding TS1) on input
 line 178.
LaTeX Encoding Info:    Redeclaring text symbol \texttwosuperior (encoding TS1)
 on input line 179.
LaTeX Encoding Info:    Redeclaring text symbol \textthreesuperior (encoding TS
1) on input line 180.
LaTeX Encoding Info:    Redeclaring text symbol \textasciiacute (encoding TS1)
on input line 181.
LaTeX Encoding Info:    Redeclaring text symbol \textmu (encoding TS1) on input
 line 182.
LaTeX Encoding Info:    Redeclaring text symbol \textparagraph (encoding TS1) o
n input line 183.
LaTeX Encoding Info:    Redeclaring text symbol \textperiodcentered (encoding T
S1) on input line 184.
LaTeX Encoding Info:    Redeclaring text symbol \textreferencemark (encoding TS
1) on input line 185.
LaTeX Encoding Info:    Redeclaring text symbol \textonesuperior (encoding TS1)
 on input line 186.
LaTeX Encoding Info:    Redeclaring text symbol \textordmasculine (encoding TS1
) on input line 187.
LaTeX Encoding Info:    Redeclaring text symbol \textsurd (encoding TS1) on inp
ut line 188.
LaTeX Encoding Info:    Redeclaring text symbol \textonequarter (encoding TS1)
on input line 189.
LaTeX Encoding Info:    Redeclaring text symbol \textonehalf (encoding TS1) on
input line 190.
LaTeX Encoding Info:    Redeclaring text symbol \textthreequarters (encoding TS
1) on input line 191.
LaTeX Encoding Info:    Redeclaring text symbol \texteuro (encoding TS1) on inp
ut line 192.
LaTeX Encoding Info:    Redeclaring text symbol \texttimes (encoding TS1) on in
put line 193.
LaTeX Encoding Info:    Redeclaring text symbol \textdiv (encoding TS1) on inpu
t line 194.
))
(<home>/Library/texmf/tex/lualatex/lualatex-math/lualatex-math.sty
Package: lualatex-math 2022/01/01 v1.12 Patches for mathematics typesetting wit
h LuaLaTeX

(/usr/local/texlive/2026basic/texmf-dist/tex/latex/etoolbox/etoolbox.sty
Package: etoolbox 2025/10/02 v2.5m e-TeX tools for LaTeX (JAW)
\etb@tempcnta=\count341
)
Lua module: lualatex-math 2013/08/03 v1.3 Patches for mathematics typesetting wi
th LuaLaTeX)
\g__um_fam_int=\count342
\g__um_fonts_used_int=\count343
\l__um_primecount_int=\count344
\g__um_primekern_muskip=\muskip18

(/usr/local/texlive/2026basic/texmf-dist/tex/latex/unicode-math/unicode-math-ta
ble.tex)))
(/usr/local/texlive/2026basic/texmf-dist/tex/latex/latex-lab/latex-lab-unicode-
math.ltx
File: latex-lab-unicode-math.ltx 2025-06-30 v0.1e unicode-mathadaptions
LaTeX Info: Redefining \frac on input line 93.
)
(/usr/local/texlive/2026basic/texmf-dist/tex/latex/upquote/upquote.sty
Package: upquote 2012/04/19 v1.3 upright-quote and grave-accent glyphs in verba
tim

(/usr/local/texlive/2026basic/texmf-dist/tex/latex/base/textcomp.sty
Package: textcomp 2024/04/24 v2.1b Standard LaTeX package
))
(/usr/local/texlive/2026basic/texmf-dist/tex/latex/microtype/microtype.sty
Package: microtype 2026/03/01 v3.2d Micro-typographical refinements (RS)

(/usr/local/texlive/2026basic/texmf-dist/tex/latex/graphics/keyval.sty
Package: keyval 2022/05/29 v1.15 key=value parser (DPC)
\KV@toks@=\toks23
)
\MT@toks=\toks24
\MT@tempbox=\box64
\MT@count=\count345
LaTeX Info: Redefining \noprotrusionifhmode on input line 1084.
LaTeX Info: Redefining \leftprotrusion on input line 1085.
\MT@prot@toks=\toks25
LaTeX Info: Redefining \rightprotrusion on input line 1104.
LaTeX Info: Redefining \textls on input line 1449.
\MT@outer@kern=\dimen164
LaTeX Info: Redefining \microtypecontext on input line 2053.
LaTeX Info: Redefining \textmicrotypecontext on input line 2070.
\MT@listname@count=\count346

(/usr/local/texlive/2026basic/texmf-dist/tex/latex/microtype/microtype-luatex.d
ef
File: microtype-luatex.def 2026/03/01 v3.2d Definitions specific to luatex (RS)

Lua module: microtype 2026/03/01 v3.2d microtype module.
Module microtype Info: overwriting function `keepligature' on input line 63
LaTeX Info: Redefining \lsstyle on input line 779.
LaTeX Info: Redefining \lslig on input line 779.
\MT@outer@space=\skip63
)
Package microtype Info: Loading configuration file microtype.cfg.
 (/usr/local/texlive/2026basic/texmf-dist/tex/latex/microtype/microtype.cfg
File: microtype.cfg 2026/03/01 v3.2d microtype main configuration file (RS)
)
LaTeX Info: Redefining \microtypesetup on input line 3065.
)
==> First Aid for microtype.sty no longer applied!
    Expected:
        2025/07/09 v3.2b Micro-typographical refinements (RS)
    but found:
        2026/03/01 v3.2d Micro-typographical refinements (RS)
    so I'm assuming it got fixed.
(/usr/local/texlive/2026basic/texmf-dist/tex/latex/parskip/parskip.sty
Package: parskip 2021-03-14 v2.0h non-zero parskip adjustments

(/usr/local/texlive/2026basic/texmf-dist/tex/latex/kvoptions/kvoptions.sty
Package: kvoptions 2022-06-15 v3.15 Key value format for package options (HO)

(/usr/local/texlive/2026basic/texmf-dist/tex/generic/ltxcmds/ltxcmds.sty
Package: ltxcmds 2023-12-04 v1.26 LaTeX kernel commands for general use (HO)
)
(/usr/local/texlive/2026basic/texmf-dist/tex/latex/kvsetkeys/kvsetkeys.sty
Package: kvsetkeys 2022-10-05 v1.19 Key value parser (HO)
))
Couldn't patch \@startsection
) (/usr/local/texlive/2026basic/texmf-dist/tex/latex/fancyvrb/fancyvrb.sty
Package: fancyvrb 2025/07/28 4.6 verbatim text (tvz,hv)
\FV@CodeLineNo=\count347
\FV@InFile=\read2
\FV@TabBox=\box65
\c@FancyVerbLine=\count348
\FV@StepNumber=\count349
\FV@OutFile=\write3
)
(/usr/local/texlive/2026basic/texmf-dist/tex/latex/tools/longtable.sty
Package: longtable 2025-10-13 v4.24 Multi-page Table package (DPC)
\LTleft=\skip64
\LTright=\skip65
\LTpre=\skip66
\LTpost=\skip67
\LTchunksize=\count350
\LTcapwidth=\dimen165
\LT@head=\box66
\LT@firsthead=\box67
\LT@foot=\box68
\LT@lastfoot=\box69
\LT@gbox=\box70
\LT@cols=\count351
\LT@rows=\count352
\c@LT@tables=\count353
\c@LT@chunks=\count354
\LT@p@ftn=\toks26
)
(/usr/local/texlive/2026basic/texmf-dist/tex/latex/booktabs/booktabs.sty
Package: booktabs 2020/01/12 v1.61803398 Publication quality tables
\heavyrulewidth=\dimen166
\lightrulewidth=\dimen167
\cmidrulewidth=\dimen168
\belowrulesep=\dimen169
\belowbottomsep=\dimen170
\aboverulesep=\dimen171
\abovetopsep=\dimen172
\cmidrulesep=\dimen173
\cmidrulekern=\dimen174
\defaultaddspace=\dimen175
\@cmidla=\count355
\@cmidlb=\count356
\@aboverulesep=\dimen176
\@belowrulesep=\dimen177
\@thisruleclass=\count357
\@lastruleclass=\count358
\@thisrulewidth=\dimen178
)
(/usr/local/texlive/2026basic/texmf-dist/tex/latex/caption/caption.sty
Package: caption 2023/08/05 v3.6o Customizing captions (AR)

(/usr/local/texlive/2026basic/texmf-dist/tex/latex/caption/caption3.sty
Package: caption3 2023/07/31 v2.4d caption3 kernel (AR)
\caption@tempdima=\dimen179
\captionmargin=\dimen180
\caption@leftmargin=\dimen181
\caption@rightmargin=\dimen182
\caption@width=\dimen183
\caption@indent=\dimen184
\caption@parindent=\dimen185
\caption@hangindent=\dimen186
Package caption Info: Standard document class detected.
)
\c@caption@flags=\count359
\c@continuedfloat=\count360
Package caption Info: longtable package is loaded.

(/usr/local/texlive/2026basic/texmf-dist/tex/latex/caption/ltcaption.sty
Package: ltcaption 2021/01/08 v1.4c longtable captions (AR)
))
\c@none=\count361

(/usr/local/texlive/2026basic/texmf-dist/tex/latex/tools/calc.sty
Package: calc 2025/03/01 v4.3b Infix arithmetic (KKT,FJ)
\calc@Acount=\count362
\calc@Bcount=\count363
\calc@Adimen=\dimen187
\calc@Bdimen=\dimen188
\calc@Askip=\skip68
\calc@Bskip=\skip69
LaTeX Info: Redefining \setlength on input line 86.
LaTeX Info: Redefining \addtolength on input line 87.
\calc@Ccount=\count364
\calc@Cskip=\skip70
)
(/usr/local/texlive/2026basic/texmf-dist/tex/latex/footnotehyper/footnotehyper.
sty
Package: footnotehyper 2025/11/15 v1.1f hyperref aware footnote.sty (JFB)
\FNH@notes=\box71
\FNH@width=\dimen189
\FNH@toks=\toks27
) (/usr/local/texlive/2026basic/texmf-dist/tex/latex/graphics/graphicx.sty
Package: graphicx 2024/12/31 v1.2e Enhanced LaTeX Graphics (DPC,SPQR)

(/usr/local/texlive/2026basic/texmf-dist/tex/latex/graphics/graphics.sty
Package: graphics 2024/08/06 v1.4g Standard LaTeX Graphics (DPC,SPQR)

(/usr/local/texlive/2026basic/texmf-dist/tex/latex/graphics/trig.sty
Package: trig 2023/12/02 v1.11 sin cos tan (DPC)
)
(/usr/local/texlive/2026basic/texmf-dist/tex/latex/graphics-cfg/graphics.cfg
File: graphics.cfg 2016/06/04 v1.11 sample graphics configuration
)
Package graphics Info: Driver file: luatex.def on input line 106.
)
\Gin@req@height=\dimen190
\Gin@req@width=\dimen191
)
\pandoc@box=\box72
(/usr/local/texlive/2026basic/texmf-dist/tex/generic/babel/babel.sty
Package: babel 2026/02/14 v26.3 The multilingual framework for LuaLaTeX, pdfLaT
eX and XeLaTeX

(/usr/local/texlive/2026basic/texmf-dist/tex/generic/babel/luababel.def
\bbl@readstream=\read3
\l@dumylang=\language2
Package babel Info: Non-standard hyphenation setup on input line 118.
\l@nohyphenation=\language3
\l@basque=\language4
\l@czech=\language5
\l@danish=\language6
\l@dutch=\language7
\l@ukenglish=\language8
\l@usenglishmax=\language9
\l@finnish=\language10
\l@schoolfinnish=\language11
\l@french=\language12
\l@german=\language13
\l@ngerman=\language14
\l@swissgerman=\language15
\l@hungarian=\language16
\l@italian=\language17
\l@bokmal=\language18
\l@nynorsk=\language19
\l@polish=\language20
\l@portuguese=\language21
\l@spanish=\language22
\l@swedish=\language23
\babelcatcodetablenum=\catcodetable14
\bbl@pattcodes=\catcodetable15
)
\babel@savecnt=\count365
LaTeX Encoding Info:    Redeclaring text command \ij (encoding OT1) on input li
ne 2078.
LaTeX Encoding Info:    Redeclaring text command \IJ (encoding OT1) on input li
ne 2080.
LaTeX Encoding Info:    Redeclaring text command \ij (encoding T1) on input lin
e 2082.
LaTeX Encoding Info:    Redeclaring text command \IJ (encoding T1) on input lin
e 2083.
LaTeX Encoding Info:    Ignoring declaration for text command \ij (encoding ?)
on input line 2084.
LaTeX Encoding Info:    Ignoring declaration for text command \IJ (encoding ?)
on input line 2086.
LaTeX Encoding Info:    Ignoring declaration for text command \SS (encoding ?)
on input line 2111.
\U@D=\dimen192
\l@unhyphenated=\language24

(/usr/local/texlive/2026basic/texmf-dist/tex/generic/babel/luababel.def
\bbl@attr@locale=\attribute11

(/usr/local/texlive/2026basic/texmf-dist/tex/luatex/luatexbase/luatexbase.sty
Package: luatexbase 2015/10/04 v1.3 luatexbase interface to LuaTeX

(/usr/local/texlive/2026basic/texmf-dist/tex/luatex/ctablestack/ctablestack.sty
Package: ctablestack 2015/10/01 v1.0 Catcode table stable support
\@catcodetablestackcnt=\count366
)
\CatcodeTableOther=\catcodetable16
\CatcodeTableExpl=\catcodetable17
)
Removing  `luaotfload.node_processor' from `pre_linebreak_filter'.
Removing  `markspaces' from `pre_linebreak_filter'.
Inserting `Babel.pre_otfload_v' in `pre_linebreak_filter'.
Inserting `luaotfload.node_processor' in `pre_linebreak_filter'.
Inserting `markspaces' in `pre_linebreak_filter'.
Removing  `luaotfload.node_processor' from `hpack_filter'.
Removing  `luaotfload.harf.finalize_hlist' from `hpack_filter'.
Removing  `markspaces' from `hpack_filter'.
Inserting `Babel.pre_otfload_h' in `hpack_filter'.
Inserting `luaotfload.node_processor' in `hpack_filter'.
Inserting `luaotfload.harf.finalize_hlist' in `hpack_filter'.
Inserting `markspaces' in `hpack_filter'.
\bbl@attr@dir=\attribute12
)
Package babel Info: Fetching locale name for tag en
(babel)             from babel-en.ini. Reported on input line 4184.
Package babel Info: Passing english to babel.
(babel)             This will be the main language except if
(babel)             explictly overriden with 'main='.
(babel)             Reported on input line 4192.

(/usr/local/texlive/2026basic/texmf-dist/tex/generic/babel/locale/en/babel-engl
ish.tex)
Package babel Info: Importing font and identification data for english
(babel)             from babel-en.ini. Reported on input line 4330.

(/usr/local/texlive/2026basic/texmf-dist/tex/generic/babel-english/english.ldf
Language: english 2017/06/06 v3.3r English support from the babel system
Package babel Info: Hyphen rules for 'canadian' set to \l@english
(babel)             (\language0). Reported on input line 102.
Package babel Info: Hyphen rules for 'australian' set to \l@ukenglish
(babel)             (\language8). Reported on input line 105.
Package babel Info: Hyphen rules for 'newzealand' set to \l@ukenglish
(babel)             (\language8). Reported on input line 108.
)) (<home>/Library/texmf/tex/lualatex/selnolig/selnolig.sty
=== Package selnolig, Version 0.302, Date 2015/10/26 ===
Package: selnolig 2015/10/26
(/usr/local/texlive/2026basic/texmf-dist/tex/generic/iftex/ifluatex.sty
Package: ifluatex 2019/10/25 v1.5 ifluatex legacy package. Use iftex instead.
)
Inserting `Suppress ligatures selectively' in `ligaturing'.
(<home>/Library/texmf/tex/lualatex/selnolig/selnolig-english-patterns.sty
Package: selnolig-english-patterns 2015/10/26
) (<home>/Library/texmf/tex/lualatex/selnolig/selnolig-english-hyphex.sty
Package: selnolig-english-hyphex 2015/10/26
)) (/usr/local/texlive/2026basic/texmf-dist/tex/latex/natbib/natbib.sty
Package: natbib 2010/09/13 8.31b (PWD, AO)
\bibhang=\skip71
\bibsep=\skip72
LaTeX Info: Redefining \cite on input line 694.
\c@NAT@ctr=\count367
)
(/usr/local/texlive/2026basic/texmf-dist/tex/latex/caption/subcaption.sty
Package: subcaption 2023/07/28 v1.6b Sub-captions (AR)
Package caption Info: New subtype `subfigure' on input line 238.
\c@subfigure=\count368
Package caption Info: New subtype `subtable' on input line 238.
\c@subtable=\count369
)
\c@pandoccrossref@subfigures@footnote@counter=\count370

(/usr/local/texlive/2026basic/texmf-dist/tex/latex/float/float.sty
Package: float 2001/11/08 v1.3d Float enhancements (AL)
\c@float@type=\count371
\float@exts=\toks28
\float@box=\box73
\@float@everytoks=\toks29
\@floatcapt=\box74
)
\@float@every@codelisting=\toks30
\c@codelisting=\count372

(/usr/local/texlive/2026basic/texmf-dist/tex/latex/bookmark/bookmark.sty
Package: bookmark 2023-12-10 v1.31 PDF bookmarks (HO)

(/usr/local/texlive/2026basic/texmf-dist/tex/latex/hyperref/hyperref.sty
Package: hyperref 2026-01-29 v7.01p Hypertext links for LaTeX

(/usr/local/texlive/2026basic/texmf-dist/tex/generic/kvdefinekeys/kvdefinekeys.
sty
Package: kvdefinekeys 2019-12-19 v1.6 Define keys (HO)
)
(/usr/local/texlive/2026basic/texmf-dist/tex/generic/pdfescape/pdfescape.sty
Package: pdfescape 2019/12/09 v1.15 Implements pdfTeX's escape features (HO)

(/usr/local/texlive/2026basic/texmf-dist/tex/generic/pdftexcmds/pdftexcmds.sty
Package: pdftexcmds 2020-06-27 v0.33 Utility functions of pdfTeX for LuaTeX (HO
)

(/usr/local/texlive/2026basic/texmf-dist/tex/generic/infwarerr/infwarerr.sty
Package: infwarerr 2019/12/03 v1.5 Providing info/warning/error messages (HO)
)
Package pdftexcmds Info: \pdf@primitive is available.
Package pdftexcmds Info: \pdf@ifprimitive is available.
Package pdftexcmds Info: \pdfdraftmode found.
\pdftexcmds@toks=\toks31
)) (/usr/local/texlive/2026basic/texmf-dist/tex/latex/hycolor/hycolor.sty
Package: hycolor 2020-01-27 v1.10 Color options for hyperref/bookmark (HO)
)
(/usr/local/texlive/2026basic/texmf-dist/tex/latex/hyperref/nameref.sty
Package: nameref 2026-01-29 v2.58 Cross-referencing by name of section

(/usr/local/texlive/2026basic/texmf-dist/tex/latex/refcount/refcount.sty
Package: refcount 2019/12/15 v3.6 Data extraction from label references (HO)
)
(/usr/local/texlive/2026basic/texmf-dist/tex/generic/gettitlestring/gettitlestr
ing.sty
Package: gettitlestring 2019/12/15 v1.6 Cleanup title references (HO)
)
\c@section@level=\count373
)
(/usr/local/texlive/2026basic/texmf-dist/tex/generic/stringenc/stringenc.sty
Package: stringenc 2019/11/29 v1.12 Convert strings between diff. encodings (HO
)
)
\@linkdim=\dimen193
\Hy@linkcounter=\count374
\Hy@pagecounter=\count375

(/usr/local/texlive/2026basic/texmf-dist/tex/latex/hyperref/pd1enc.def
File: pd1enc.def 2026-01-29 v7.01p Hyperref: PDFDocEncoding definition (HO)
)
(/usr/local/texlive/2026basic/texmf-dist/tex/generic/intcalc/intcalc.sty
Package: intcalc 2019/12/15 v1.3 Expandable calculations with integers (HO)
)
\Hy@SavedSpaceFactor=\count376

(/usr/local/texlive/2026basic/texmf-dist/tex/latex/hyperref/puenc.def
File: puenc.def 2026-01-29 v7.01p Hyperref: PDF Unicode definition (HO)
)
Package hyperref Info: Option `unicode' set `true' on input line 4072.
Package hyperref Info: Hyper figures OFF on input line 4201.
Package hyperref Info: Link nesting OFF on input line 4206.
Package hyperref Info: Hyper index ON on input line 4209.
Package hyperref Info: Plain pages OFF on input line 4216.
Package hyperref Info: Backreferencing OFF on input line 4221.
Package hyperref Info: Implicit mode ON; LaTeX internals redefined.
Package hyperref Info: Bookmarks ON on input line 4468.
\c@Hy@tempcnt=\count377

(/usr/local/texlive/2026basic/texmf-dist/tex/latex/url/url.sty
\Urlmuskip=\muskip19
Package: url 2013/09/16  ver 3.4  Verb mode for urls, etc.
)
LaTeX Info: Redefining \url on input line 4807.
\XeTeXLinkMargin=\dimen194

(/usr/local/texlive/2026basic/texmf-dist/tex/generic/bitset/bitset.sty
Package: bitset 2019/12/09 v1.3 Handle bit-vector datatype (HO)

(/usr/local/texlive/2026basic/texmf-dist/tex/generic/bigintcalc/bigintcalc.sty
Package: bigintcalc 2019/12/15 v1.5 Expandable calculations on big integers (HO
)
))
\Fld@menulength=\count378
\Field@Width=\dimen195
\Fld@charsize=\dimen196
Package hyperref Info: Hyper figures OFF on input line 6084.
Package hyperref Info: Link nesting OFF on input line 6089.
Package hyperref Info: Hyper index ON on input line 6092.
Package hyperref Info: backreferencing OFF on input line 6099.
Package hyperref Info: Link coloring OFF on input line 6104.
Package hyperref Info: Link coloring with OCG OFF on input line 6109.
Package hyperref Info: PDF/A mode OFF on input line 6114.
\Hy@abspage=\count379
\c@Item=\count380
)
Package hyperref Info: Driver (custom): hgeneric-testphase.

(/usr/local/texlive/2026basic/texmf-dist/tex/latex/pdfmanagement-testphase/hgen
eric-testphase.def
File: hgeneric-testphase.def 2026-01-23 v0.96y generic Hyperref driver for the
LaTeX PDF management bundle

(/usr/local/texlive/2026basic/texmf-dist/tex/latex/pdfmanagement-testphase/hype
rref-colorschemes.def)
LaTeX Info: Redefining \href on input line 262.
LaTeX Info: Redefining \url on input line 348.
\l__hyp_tmpa_box=\box75
\l__hyp_tmpa_int=\count381
\l__hyp_dest_box=\box76
\g__hyp_linknestlevel_int=\count382
\HyAnn@Count=\count383
\Fld@listcount=\count384
\Hy@SectionHShift=\skip73
)
(/usr/local/texlive/2026basic/texmf-dist/tex/latex/bookmark/bkm-pdftex.def
File: bkm-pdftex.def 2023-12-10 v1.31 bookmark driver for pdfTeX and luaTeX (HO
)
\BKM@id=\count385
))

Package hyperref Warning: unknown key anchorcolor of module 'hyp' set to
(hyperref)                'red'.

(<home>/Library/texmf/tex/latex/seqsplit/seqsplit.sty
Package: seqsplit 2006/08/07 v0.1 Splitting long sequences (DNA, RNA, proteins,
 etc.)
)
(/usr/local/texlive/2026basic/texmf-dist/tex/latex/amscls/amsthm.sty
Package: amsthm 2020/05/29 v2.20.6
\thm@style=\toks32
\thm@bodyfont=\toks33
\thm@headfont=\toks34
\thm@notefont=\toks35
\thm@headpunct=\toks36
\thm@preskip=\skip74
\thm@postskip=\skip75
\thm@headsep=\skip76
\dth@everypar=\toks37
)
(/usr/local/texlive/2026basic/texmf-dist/tex/latex/geometry/geometry.sty
Package: geometry 2020/01/02 v5.9 Page Geometry

(/usr/local/texlive/2026basic/texmf-dist/tex/generic/iftex/ifvtex.sty
Package: ifvtex 2019/10/25 v1.7 ifvtex legacy package. Use iftex instead.
)
\Gm@cnth=\count386
\Gm@cntv=\count387
\c@Gm@tempcnt=\count388
\Gm@bindingoffset=\dimen197
\Gm@wd@mp=\dimen198
\Gm@odd@mp=\dimen199
\Gm@even@mp=\dimen256
\Gm@layoutwidth=\dimen257
\Gm@layoutheight=\dimen258
\Gm@layouthoffset=\dimen259
\Gm@layoutvoffset=\dimen260
\Gm@dimlist=\toks38
)
\c@theorem=\count389

(/usr/local/texlive/2026basic/texmf-dist/tex/latex/listings/listings.sty
\lst@mode=\count390
\lst@gtempboxa=\box77
\lst@token=\toks39
\lst@length=\count391
\lst@currlwidth=\dimen261
\lst@column=\count392
\lst@pos=\count393
\lst@lostspace=\dimen262
\lst@width=\dimen263
\lst@newlines=\count394
\lst@lineno=\count395
\lst@maxwidth=\dimen264

(/usr/local/texlive/2026basic/texmf-dist/tex/latex/listings/lstpatch.sty
File: lstpatch.sty 2025/11/14 1.11b (Carsten Heinz)
)
(/usr/local/texlive/2026basic/texmf-dist/tex/latex/listings/lstmisc.sty
File: lstmisc.sty 2025/11/14 1.11b (Carsten Heinz)
\c@lstnumber=\count396
\lst@skipnumbers=\count397
\lst@framebox=\box78
)
(/usr/local/texlive/2026basic/texmf-dist/tex/latex/listings/listings.cfg
File: listings.cfg 2025/11/14 1.11b listings configuration
))
Package: listings 2025/11/14 1.11b (Carsten Heinz)

==> First Aid for listings.sty no longer applied!
    Expected:
        2024/09/23 1.10c (Carsten Heinz)
    but found:
        2025/11/14 1.11b (Carsten Heinz)
    so I'm assuming it got fixed.

Package fontspec Info:
(fontspec)             lmmono10-regular scale = 0.9999964596882403.


Package fontspec Info:
(fontspec)             lmmono10-regular scale = 0.9999964596882403.


Package fontspec Info:
(fontspec)             lmmono10-regular scale = 0.9999964596882403.


Package fontspec Info:
(fontspec)             lmmono10-regular scale = 0.9999964596882403.


Package fontspec Info:
(fontspec)             lmmonolt10-bold scale = 0.9999964596882403.


Package fontspec Info:
(fontspec)             lmmonolt10-bold scale = 0.9999964596882403.


Package fontspec Info:
(fontspec)             lmmono10-italic scale = 0.9999964596882403.


Package fontspec Info:
(fontspec)             lmmono10-italic scale = 0.9999964596882403.


Package fontspec Info:
(fontspec)             lmmonolt10-boldoblique scale = 0.9999964596882403.


Package fontspec Info:
(fontspec)             lmmonolt10-boldoblique scale = 0.9999964596882403.


Package fontspec Info:
(fontspec)             Font family 'lmmono10-regular.otf(0)' created for font
(fontspec)             'lmmono10-regular.otf' with options
(fontspec)             [Scale=MatchLowercase,WordSpace={1,0,0},HyphenChar=None,
PunctuationSpace=WordSpace,BoldFont
(fontspec)             = lmmonolt10-bold.otf,ItalicFont =
(fontspec)             lmmono10-italic.otf,BoldItalicFont =
(fontspec)             lmmonolt10-boldoblique.otf,Scale = MatchLowercase].
(fontspec)
(fontspec)              This font family consists of the following NFSS
(fontspec)             series/shapes:
(fontspec)
(fontspec)             - 'normal' (m/n) with NFSS spec.:
(fontspec)             <->s*[0.9999964596882403]"[lmmono10-regular.otf]:mode=no
de;script=latn;language=dflt;"
(fontspec)             - 'bold' (b/n) with NFSS spec.:
(fontspec)             <->s*[0.9999964596882403]"[lmmonolt10-bold.otf]:mode=nod
e;script=latn;language=dflt;"
(fontspec)             - 'italic' (m/it) with NFSS spec.:
(fontspec)             <->s*[0.9999964596882403]"[lmmono10-italic.otf]:mode=nod
e;script=latn;language=dflt;"
(fontspec)             - 'bold italic' (b/it) with NFSS spec.:
(fontspec)             <->s*[0.9999964596882403]"[lmmonolt10-boldoblique.otf]:m
ode=node;script=latn;language=dflt;"


Package fontspec Info:
(fontspec)             lmmono10-regular scale = 0.9999964596882403.


Package fontspec Info:
(fontspec)             lmmono10-regular scale = 0.9999964596882403.


Package fontspec Info:
(fontspec)             lmmono10-regular scale = 0.9999964596882403.


Package fontspec Info:
(fontspec)             lmmono10-regular scale = 0.9999964596882403.


Package fontspec Info:
(fontspec)             lmmonolt10-bold scale = 0.9999964596882403.


Package fontspec Info:
(fontspec)             lmmonolt10-bold scale = 0.9999964596882403.


Package fontspec Info:
(fontspec)             lmmono10-italic scale = 0.9999964596882403.


Package fontspec Info:
(fontspec)             lmmono10-italic scale = 0.9999964596882403.


Package fontspec Info:
(fontspec)             lmmonolt10-boldoblique scale = 0.9999964596882403.


Package fontspec Info:
(fontspec)             lmmonolt10-boldoblique scale = 0.9999964596882403.


Package fontspec Info:
(fontspec)             Font family 'lmmono10-regular.otf(1)' created for font
(fontspec)             'lmmono10-regular.otf' with options
(fontspec)             [Scale=MatchLowercase,Renderer=Basic,BoldFont =
(fontspec)             lmmonolt10-bold.otf,ItalicFont =
(fontspec)             lmmono10-italic.otf,BoldItalicFont =
(fontspec)             lmmonolt10-boldoblique.otf,Scale = MatchLowercase].
(fontspec)
(fontspec)              This font family consists of the following NFSS
(fontspec)             series/shapes:
(fontspec)
(fontspec)             - 'normal' (m/n) with NFSS spec.:
(fontspec)             <->s*[0.9999964596882403]"[lmmono10-regular.otf]:mode=ba
se;script=latn;language=dflt;"
(fontspec)             - 'bold' (b/n) with NFSS spec.:
(fontspec)             <->s*[0.9999964596882403]"[lmmonolt10-bold.otf]:mode=bas
e;script=latn;language=dflt;"
(fontspec)             - 'italic' (m/it) with NFSS spec.:
(fontspec)             <->s*[0.9999964596882403]"[lmmono10-italic.otf]:mode=bas
e;script=latn;language=dflt;"
(fontspec)             - 'bold italic' (b/it) with NFSS spec.:
(fontspec)             <->s*[0.9999964596882403]"[lmmonolt10-boldoblique.otf]:m
ode=base;script=latn;language=dflt;"

LaTeX Font Info:    Overwriting math alphabet `\mathtt' in version `normal'
(Font)                  OT1/cmtt/m/n --> TU/lmmono10-regular.otf(1)/m/n on inpu
t line 268.
LaTeX Font Info:    Overwriting math alphabet `\mathtt' in version `bold'
(Font)                  OT1/cmtt/m/n --> TU/lmmono10-regular.otf(1)/bx/n on inp
ut line 268.

Package fontspec Info:
(fontspec)             latinmodern-math scale = 0.9999964596882403.


Package fontspec Info:
(fontspec)             latinmodern-math scale = 0.9999964596882403.


Package fontspec Info:
(fontspec)             Font family 'latinmodern-math.otf(0)' created for font
(fontspec)             'latinmodern-math.otf' with options
(fontspec)             [Scale=MatchLowercase,Renderer=Basic,BoldItalicFont={},I
talicFont={},SmallCapsFont={},Script=Math,RawFeature={mathfontdimen=xetex}].
(fontspec)
(fontspec)              This font family consists of the following NFSS
(fontspec)             series/shapes:
(fontspec)
(fontspec)             - 'normal' (m/n) with NFSS spec.:
(fontspec)             <->s*[0.9999964596882403]"[latinmodern-math.otf]:mode=ba
se;script=math;language=dflt;mathfontdimen=xetex;"

LaTeX Font Info:    Font shape `TU/latinmodern-math.otf(0)/m/n' will be
(Font)              scaled to size 10.0pt on input line 276.

Package fontspec Info:
(fontspec)             latinmodern-math scale = 0.9999964596882403.


Package fontspec Info:
(fontspec)             latinmodern-math scale = 0.9999964596882403.


Package fontspec Info:
(fontspec)             latinmodern-math scale = 0.9999964596882403.


Package fontspec Info:
(fontspec)             latinmodern-math scale = 0.9999964596882403.


Package fontspec Info:
(fontspec)             Font family 'latinmodern-math.otf(1)' created for font
(fontspec)             'latinmodern-math.otf' with options
(fontspec)             [Scale=MatchLowercase,Renderer=Basic,BoldItalicFont={},I
talicFont={},SmallCapsFont={},Script=Math,SizeFeatures={{Size=8.5-},{Size=6-8.5
,Font=latinmodern-math.otf,Style=MathScript},{Size=-6,Font=latinmodern-math.otf
,Style=MathScriptScript}},RawFeature={mathfontdimen=xetex}].
(fontspec)
(fontspec)              This font family consists of the following NFSS
(fontspec)             series/shapes:
(fontspec)
(fontspec)             - 'normal' (m/n) with NFSS spec.:
(fontspec)             <8.5->s*[0.9999964596882403]"[latinmodern-math.otf]:mode
=base;script=math;language=dflt;mathfontdimen=xetex;"<6-8.5>s*[0.99999645968824
03]"[latinmodern-math.otf]:mode=base;script=math;language=dflt;mathfontdimen=xe
tex;+ssty=0;"<-6>s*[0.9999964596882403]"[latinmodern-math.otf]:mode=base;script
=math;language=dflt;mathfontdimen=xetex;+ssty=1;"

LaTeX Font Info:    Font shape `TU/latinmodern-math.otf(1)/m/n' will be
(Font)              scaled to size 10.0pt on input line 276.
LaTeX Font Info:    Encoding `OT1' has changed to `TU' for symbol font
(Font)              `operators' in the math version `normal' on input line 276.

LaTeX Font Info:    Overwriting symbol font `operators' in version `normal'
(Font)                  OT1/cmr/m/n --> TU/latinmodern-math.otf(1)/m/n on input
 line 276.
LaTeX Font Info:    Encoding `OT1' has changed to `TU' for symbol font
(Font)              `operators' in the math version `bold' on input line 276.
LaTeX Font Info:    Overwriting symbol font `operators' in version `bold'
(Font)                  OT1/cmr/bx/n --> TU/latinmodern-math.otf(1)/b/n on inpu
t line 276.

Package fontspec Info:
(fontspec)             latinmodern-math scale = 0.9999964596882403.


Package fontspec Info:
(fontspec)             latinmodern-math scale = 0.9999964596882403.


Package fontspec Info:
(fontspec)             latinmodern-math scale = 0.9999964596882403.


Package fontspec Info:
(fontspec)             latinmodern-math scale = 0.9999964596882403.


Package fontspec Info:
(fontspec)             Font family 'latinmodern-math.otf(2)' created for font
(fontspec)             'latinmodern-math.otf' with options
(fontspec)             [Scale=MatchLowercase,Renderer=Basic,BoldItalicFont={},I
talicFont={},SmallCapsFont={},Script=Math,SizeFeatures={{Size=8.5-},{Size=6-8.5
,Font=latinmodern-math.otf,Style=MathScript},{Size=-6,Font=latinmodern-math.otf
,Style=MathScriptScript}},RawFeature={mathfontdimen=xetex},RawFeature={mathfont
dimen=tex2}].
(fontspec)
(fontspec)              This font family consists of the following NFSS
(fontspec)             series/shapes:
(fontspec)
(fontspec)             - 'normal' (m/n) with NFSS spec.:
(fontspec)             <8.5->s*[0.9999964596882403]"[latinmodern-math.otf]:mode
=base;script=math;language=dflt;mathfontdimen=xetex;mathfontdimen=tex2;"<6-8.5>
s*[0.9999964596882403]"[latinmodern-math.otf]:mode=base;script=math;language=df
lt;mathfontdimen=xetex;mathfontdimen=tex2;+ssty=0;"<-6>s*[0.9999964596882403]"[
latinmodern-math.otf]:mode=base;script=math;language=dflt;mathfontdimen=xetex;m
athfontdimen=tex2;+ssty=1;"

LaTeX Font Info:    Encoding `OMS' has changed to `TU' for symbol font
(Font)              `symbols' in the math version `normal' on input line 276.
LaTeX Font Info:    Overwriting symbol font `symbols' in version `normal'
(Font)                  OMS/cmsy/m/n --> TU/latinmodern-math.otf(2)/m/n on inpu
t line 276.
LaTeX Font Info:    Encoding `OMS' has changed to `TU' for symbol font
(Font)              `symbols' in the math version `bold' on input line 276.
LaTeX Font Info:    Overwriting symbol font `symbols' in version `bold'
(Font)                  OMS/cmsy/b/n --> TU/latinmodern-math.otf(2)/b/n on inpu
t line 276.

Package fontspec Info:
(fontspec)             latinmodern-math scale = 0.9999964596882403.


Package fontspec Info:
(fontspec)             latinmodern-math scale = 0.9999964596882403.


Package fontspec Info:
(fontspec)             latinmodern-math scale = 0.9999964596882403.


Package fontspec Info:
(fontspec)             latinmodern-math scale = 0.9999964596882403.


Package fontspec Info:
(fontspec)             Font family 'latinmodern-math.otf(3)' created for font
(fontspec)             'latinmodern-math.otf' with options
(fontspec)             [Scale=MatchLowercase,Renderer=Basic,BoldItalicFont={},I
talicFont={},SmallCapsFont={},Script=Math,SizeFeatures={{Size=8.5-},{Size=6-8.5
,Font=latinmodern-math.otf,Style=MathScript},{Size=-6,Font=latinmodern-math.otf
,Style=MathScriptScript}},RawFeature={mathfontdimen=xetex},RawFeature={mathfont
dimen=tex3}].
(fontspec)
(fontspec)              This font family consists of the following NFSS
(fontspec)             series/shapes:
(fontspec)
(fontspec)             - 'normal' (m/n) with NFSS spec.:
(fontspec)             <8.5->s*[0.9999964596882403]"[latinmodern-math.otf]:mode
=base;script=math;language=dflt;mathfontdimen=xetex;mathfontdimen=tex3;"<6-8.5>
s*[0.9999964596882403]"[latinmodern-math.otf]:mode=base;script=math;language=df
lt;mathfontdimen=xetex;mathfontdimen=tex3;+ssty=0;"<-6>s*[0.9999964596882403]"[
latinmodern-math.otf]:mode=base;script=math;language=dflt;mathfontdimen=xetex;m
athfontdimen=tex3;+ssty=1;"

LaTeX Font Info:    Encoding `OMX' has changed to `TU' for symbol font
(Font)              `largesymbols' in the math version `normal' on input line 2
76.
LaTeX Font Info:    Overwriting symbol font `largesymbols' in version `normal'
(Font)                  OMX/cmex/m/n --> TU/latinmodern-math.otf(3)/m/n on inpu
t line 276.
LaTeX Font Info:    Encoding `OMX' has changed to `TU' for symbol font
(Font)              `largesymbols' in the math version `bold' on input line 276
.
LaTeX Font Info:    Overwriting symbol font `largesymbols' in version `bold'
(Font)                  OMX/cmex/m/n --> TU/latinmodern-math.otf(3)/b/n on inpu
t line 276.
LaTeX Font Info:    Font shape `TU/latinmodern-math.otf(1)/m/n' will be
(Font)              scaled to size 7.0pt on input line 276.
LaTeX Font Info:    Font shape `TU/latinmodern-math.otf(1)/m/n' will be
(Font)              scaled to size 5.0pt on input line 276.
LaTeX Font Info:    Font shape `TU/latinmodern-math.otf(2)/m/n' will be
(Font)              scaled to size 10.0pt on input line 276.
LaTeX Font Info:    Font shape `TU/latinmodern-math.otf(2)/m/n' will be
(Font)              scaled to size 7.0pt on input line 276.
LaTeX Font Info:    Font shape `TU/latinmodern-math.otf(2)/m/n' will be
(Font)              scaled to size 5.0pt on input line 276.
LaTeX Font Info:    Font shape `TU/latinmodern-math.otf(3)/m/n' will be
(Font)              scaled to size 10.0pt on input line 276.
LaTeX Font Info:    Font shape `TU/latinmodern-math.otf(3)/m/n' will be
(Font)              scaled to size 7.0pt on input line 276.
LaTeX Font Info:    Font shape `TU/latinmodern-math.otf(3)/m/n' will be
(Font)              scaled to size 5.0pt on input line 276.
LaTeX Font Info:    Trying to load font information for U+msa on input line 276
.
(/usr/local/texlive/2026basic/texmf-dist/tex/latex/amsfonts/umsa.fd
File: umsa.fd 2013/01/14 v3.01 AMS symbols A
)
LaTeX Font Info:    Trying to load font information for U+msb on input line 276
.

(/usr/local/texlive/2026basic/texmf-dist/tex/latex/amsfonts/umsb.fd
File: umsb.fd 2013/01/14 v3.01 AMS symbols B
)
(/usr/local/texlive/2026basic/texmf-dist/tex/lualatex/luamml/luamml.sty
Package: luamml 2026-02-27 v0.8.0 Automatically generate presentational MathML
from LuaTeX math expressions
\l__luamml_flag_int=\count398
\l__luamml_pretty_int=\count399
\tracingmathml=\count400
Lua function RegisterFamilyMapping = 32
Lua function RegisterTextFamily = 33
Inserting `dump_list' in `pre_mlist_to_hlist_filter'.
Lua function luamml_get_last_mathml_stream:e = 34
Lua function luamml_begin_single_file: = 35
Lua function luamml_end_single_file: = 36
Lua function __luamml_register_output_hook:N = 37
Lua function __luamml_disable_output_hook: = 38
Lua function __luamml_annotate_begin: = 39
Lua function __luamml_annotate_end:we = 40
Lua function __luamml_annotate_end:e = 41
Lua function __luamml_annotate_attribute_end:e = 42
Inserting `mathml amsmath processing' in `hpack_filter'.
Lua function __luamml_array_init_col: = 43
Lua function __luamml_array_finalize_col:w = 44
Lua function __luamml_array_save_array: = 45
Lua function __luamml_array_finalize_array: = 46
\l__luamml_amsmath_tag_struct_num_int=\count401

(/usr/local/texlive/2026basic/texmf-dist/tex/lualatex/luamml/luamml-patches-ker
nel.sty
Package: luamml-patches-kernel 2026-02-27 v0.8.0 Feel free to add a description
 here
)
(/usr/local/texlive/2026basic/texmf-dist/tex/lualatex/luamml/luamml-patches-ams
math.sty
Package: luamml-patches-amsmath 2026-02-27 v0.8.0 Feel free to add a descriptio
n here
Lua function __luamml_amsmath_add_last_to_row: = 47
Lua function __luamml_amsmath_add_box_to_row: = 48
Lua function __luamml_amsmath_set_row_columnalign:n = 49
Lua function __luamml_amsmath_save_inner_table:n = 50
Lua function __luamml_amsmath_save_smallmatrix: = 51
Lua function __luamml_amsmath_finalize_inner_table: = 52
Lua function __luamml_amsmath_finalize_table:n = 53
Lua function __luamml_amsmath_save_tag: = 54
Lua function __luamml_amsmath_save_tag_with_struct_elem:N = 55
Lua function __luamml_amsmath_set_tag: = 56
Lua function __luamml_amsmath_save_intertext_with_struct_elem:N = 57)) (./_comb
ined_manuscript.aux)
\openout1 = _combined_manuscript.aux

LaTeX Font Info:    Checking defaults for OML/cmm/m/it on input line 277.
LaTeX Font Info:    ... okay on input line 277.
LaTeX Font Info:    Checking defaults for OMS/cmsy/m/n on input line 277.
LaTeX Font Info:    ... okay on input line 277.
LaTeX Font Info:    Checking defaults for OT1/cmr/m/n on input line 277.
LaTeX Font Info:    ... okay on input line 277.
LaTeX Font Info:    Checking defaults for T1/cmr/m/n on input line 277.
LaTeX Font Info:    ... okay on input line 277.
LaTeX Font Info:    Checking defaults for TS1/cmr/m/n on input line 277.
LaTeX Font Info:    ... okay on input line 277.
LaTeX Font Info:    Checking defaults for TU/lmr/m/n on input line 277.
LaTeX Font Info:    ... okay on input line 277.
LaTeX Font Info:    Checking defaults for OMX/cmex/m/n on input line 277.
LaTeX Font Info:    ... okay on input line 277.
LaTeX Font Info:    Checking defaults for U/cmr/m/n on input line 277.
LaTeX Font Info:    ... okay on input line 277.
LaTeX Font Info:    Checking defaults for PD1/pdf/m/n on input line 277.
LaTeX Font Info:    ... okay on input line 277.
LaTeX Font Info:    Checking defaults for PU/pdf/m/n on input line 277.
LaTeX Font Info:    ... okay on input line 277.
Inserting `tagpdf' in `pre_shipout_filter'.
Inserting `tagpdf' in `pre_shipout_filter'.
Info: mathml file _combined_manuscript-mathml does not exist
Info: reading mathml file _combined_manuscript-luamml-mathml
(./_combined_manuscript-luamml-mathml.html)
Info: Activating mathml support
(/usr/local/texlive/2026basic/texmf-dist/tex/context/base/mkii/supp-pdf.mkii
[Loading MPS to PDF converter (version 2006.09.02).]
\scratchcounter=\count402
\scratchdimen=\dimen265
\scratchbox=\box79
\nofMPsegments=\count403
\nofMParguments=\count404
\everyMPshowfont=\toks40
\MPscratchCnt=\count405
\MPscratchDim=\dimen266
\MPnumerator=\count406
\makeMPintoPDFobject=\count407
\everyMPtoPDFconversion=\toks41
)
(/usr/local/texlive/2026basic/texmf-dist/tex/latex/epstopdf-pkg/epstopdf-base.s
ty
Package: epstopdf-base 2020-01-24 v2.11 Base part for package epstopdf


Package epstopdf Warning: Shell escape feature is not enabled.

Package epstopdf-base Info: Redefining graphics rule for `.eps' on input line 4
85.

(/usr/local/texlive/2026basic/texmf-dist/tex/latex/latexconfig/epstopdf-sys.cfg
File: epstopdf-sys.cfg 2010/07/13 v1.3 Configuration of (r)epstopdf for TeX Liv
e
))
LaTeX Font Info:    Overwriting math alphabet `\mathrm' in version `normal'
(Font)                  TU/latinmodern-math.otf(1)/m/n --> TU/lmr/m/n on input
line 277.
LaTeX Font Info:    Overwriting math alphabet `\mathit' in version `normal'
(Font)                  OT1/cmr/m/it --> TU/lmr/m/it on input line 277.
LaTeX Font Info:    Overwriting math alphabet `\mathbf' in version `normal'
(Font)                  OT1/cmr/bx/n --> TU/lmr/bx/n on input line 277.
LaTeX Font Info:    Overwriting math alphabet `\mathsf' in version `normal'
(Font)                  OT1/cmss/m/n --> TU/lmss/m/n on input line 277.
LaTeX Font Info:    Overwriting math alphabet `\mathsf' in version `bold'
(Font)                  OT1/cmss/bx/n --> TU/lmss/bx/n on input line 277.
LaTeX Info: Redefining \microtypecontext on input line 277.
Package microtype Info: Applying patch `item' on input line 277.
Package microtype Info: Applying patch `toc' on input line 277.
Package microtype Info: Applying patch `eqnum' on input line 277.
Package microtype Info: Applying patch `footnote' on input line 277.
Package microtype Info: Applying patch `verbatim' on input line 277.
LaTeX Info: Redefining \microtypesetup on input line 277.
Package microtype Info: Generating PDF output.
Package microtype Info: Character protrusion enabled (level 2).
Package microtype Info: Using protrusion set `basicmath'.
Package microtype Info: Automatic font expansion enabled (level 2),
(microtype)             stretch: 20, shrink: 20, step: 1, non-selected.
Package microtype Info: Using default expansion set `alltext-nott'.
Package microtype Info: Patching command `\showhyphens'.
Package microtype Info: No adjustment of tracking.
Package microtype Info: No adjustment of spacing.
Package microtype Info: No adjustment of kerning.

(/usr/local/texlive/2026basic/texmf-dist/tex/latex/microtype/mt-LatinModernRoma
n.cfg
File: mt-LatinModernRoman.cfg 2026/02/26 v1.2 microtype config. file: Latin Mod
ern Roman (RS)
)
Package caption Info: Begin \AtBeginDocument code.
Package caption Info: float package is loaded.
Package caption Info: hyperref package is loaded.
Package caption Info: listings package is loaded.
Package caption Info: End \AtBeginDocument code.


Package footnotehyper Warning:
(footnotehyper)    Failed to analyse \@makefntext into something usable.
(footnotehyper)    Using as fall-back the article class code.
(footnotehyper)    You may try to email the author this problematic meaning:
(footnotehyper)    \protected\long macro:#1->\noindent \socket_use:n {fntext/ma
rk/link}\tag_socket_use:nnn {fntext/mark}{}{\socket_use:n {fntext/mark}}\tag_so
cket_use:nnn {fntext/text}{}{\socket_use:nn {fntext/text}{#1}}
(footnotehyper)    together with the document preamble (in particular if
(footnotehyper)    footnote numbers do not show at bottom of page).

Removing  `Babel.pre_otfload_h' from `hpack_filter'.
Removing  `luaotfload.node_processor' from `hpack_filter'.
Removing  `luaotfload.harf.finalize_hlist' from `hpack_filter'.
Removing  `markspaces' from `hpack_filter'.
Removing  `mathml amsmath processing' from `hpack_filter'.
Inserting `Babel.math_box_dir' in `hpack_filter'.
Inserting `Babel.pre_otfload_h' in `hpack_filter'.
Inserting `luaotfload.node_processor' in `hpack_filter'.
Inserting `luaotfload.harf.finalize_hlist' in `hpack_filter'.
Inserting `markspaces' in `hpack_filter'.
Inserting `mathml amsmath processing' in `hpack_filter'.
Inserting `Babel.unset_atdir' in `pre_linebreak_filter'.
Inserting `Babel.unset_atdir' in `hpack_filter'.
Package hyperref Info: Link coloring OFF on input line 277.
*geometry* driver: auto-detecting
*geometry* detected driver: luatex
*geometry* verbose mode - [ preamble ] result:
* driver: luatex
* paper: <default>
* layout: <same size as paper>
* layoutoffset:(h,v)=(0.0pt,0.0pt)
* modes: includefoot
* h-part:(L,W,R)=(7.22743pt, 599.84013pt, 7.22743pt)
* v-part:(T,H,B)=(32.52127pt, 722.7pt, 39.74872pt)
* \paperwidth=614.295pt
* \paperheight=794.96999pt
* \textwidth=599.84013pt
* \textheight=692.7pt
* \oddsidemargin=-65.04256pt
* \evensidemargin=-65.04256pt
* \topmargin=-76.74872pt
* \headheight=12.0pt
* \headsep=25.0pt
* \topskip=10.0pt
* \footskip=30.0pt
* \marginparwidth=65.0pt
* \marginparsep=11.0pt
* \columnsep=10.0pt
* \skip\footins=9.0pt plus 4.0pt minus 2.0pt
* \hoffset=0.0pt
* \voffset=0.0pt
* \mag=1000
* \@twocolumnfalse
* \@twosidefalse
* \@mparswitchfalse
* \@reversemarginfalse
* (1in=72.27pt=25.4mm, 1cm=28.453pt)

\c@lstlisting=\count408
\g__math_luamml_iow=\write4

\openout4 = _combined_manuscript-luamml-mathml.html

Package tagpdf Info: luamml has been enabled and will create an MathML file.

Package microtype Info: Loading generic protrusion settings for font family
(microtype)             `lmss' (encoding: TU).
(microtype)             For optimal results, create family-specific settings.
(microtype)             See the microtype manual for details.
LaTeX Font Info:    Font shape `TU/lmmono10-regular.otf(0)/m/n' will be
(Font)              scaled to size 9.0pt on input line 287.
<../../manuscript/cover_image.png, id=843, 963.6pt x 550.9383pt>
File: ../../manuscript/cover_image.png Graphic file (type png)
<use ../../manuscript/cover_image.png>
Package luatex.def Info: ../../manuscript/cover_image.png  used on input line 2
96.
(luatex.def)             Requested size: 587.85396pt x 336.1055pt.
[1

{/usr/local/texlive/2026basic/texmf-var/fonts/map/pdftex/updmap/pdftex.map}<../.
./manuscript/cover_image.png>] (./_combined_manuscript.toc
LaTeX Font Info:    Font shape `TU/latinmodern-math.otf(1)/m/n' will be
(Font)              scaled to size 9.0pt on input line 4.
LaTeX Font Info:    Font shape `TU/latinmodern-math.otf(1)/m/n' will be
(Font)              scaled to size 6.0pt on input line 4.
LaTeX Font Info:    Font shape `TU/latinmodern-math.otf(2)/m/n' will be
(Font)              scaled to size 9.0pt on input line 4.
LaTeX Font Info:    Font shape `TU/latinmodern-math.otf(2)/m/n' will be
(Font)              scaled to size 6.0pt on input line 4.
LaTeX Font Info:    Font shape `TU/latinmodern-math.otf(3)/m/n' will be
(Font)              scaled to size 9.0pt on input line 4.
LaTeX Font Info:    Font shape `TU/latinmodern-math.otf(3)/m/n' will be
(Font)              scaled to size 6.0pt on input line 4.

(/usr/local/texlive/2026basic/texmf-dist/tex/latex/microtype/mt-msa.cfg
File: mt-msa.cfg 2006/02/04 v1.1 microtype config. file: AMS symbols (a) (RS)
)
(/usr/local/texlive/2026basic/texmf-dist/tex/latex/microtype/mt-msb.cfg
File: mt-msb.cfg 2005/06/01 v1.0 microtype config. file: AMS symbols (b) (RS)
)
warning  (pdf backend): ignoring duplicate destination with the name 'page.1'

warning  (pdf backend): ignoring duplicate destination with the name 'page.1'
[1] [2]
Overfull \hbox (0.378pt too wide) detected at line 137
\TU/lmr/m/n/9 13.10
 []


Overfull \hbox (0.378pt too wide) detected at line 141
\TU/lmr/m/n/9 13.11
 []


Overfull \hbox (0.378pt too wide) detected at line 142
\TU/lmr/m/n/9 13.12
 []


Overfull \hbox (0.378pt too wide) detected at line 147
\TU/lmr/m/n/9 13.13
 []


Overfull \hbox (0.378pt too wide) detected at line 148
\TU/lmr/m/n/9 13.14
 []

)
\tf@toc=\write5

\openout5 = _combined_manuscript.toc
 [3] [4]
Floatstructure:692
<../figures/graphical_abstract.png, id=2187, 963.6pt x 550.9383pt>
File: ../figures/graphical_abstract.png Graphic file (type png)
<use ../figures/graphical_abstract.png>
Package luatex.def Info: ../figures/graphical_abstract.png  used on input line
371.
(luatex.def)             Requested size: 599.85188pt x 342.9653pt.
LaTeX Font Info:    Font shape `TU/lmmono10-regular.otf(0)/m/n' will be
(Font)              scaled to size 10.0pt on input line 389.
[5<../figures/graphical_abstract.png>] [6]
Floatstructure:899
<../figures/system_overview.png, id=2712, 1032.37695pt x 345.81195pt>
File: ../figures/system_overview.png Graphic file (type png)
<use ../figures/system_overview.png>
Package luatex.def Info: ../figures/system_overview.png  used on input line 600
.
(luatex.def)             Requested size: 599.866pt x 200.93517pt.
[7<../figures/system_overview.png>] [8] [9]

LaTeX Font Warning: Font shape `TU/latinmodern-math.otf(1)/b/n' undefined
(Font)              using `TU/latinmodern-math.otf(1)/m/n' instead on input lin
e 1019.

LaTeX Font Info:    Font shape `TU/latinmodern-math.otf(1)/b/n' will be
(Font)              scaled to size 6.0pt on input line 1019.
LaTeX Font Info:    Font shape `TU/latinmodern-math.otf(1)/b/n' will be
(Font)              scaled to size 5.0pt on input line 1019.

LaTeX Font Warning: Font shape `TU/latinmodern-math.otf(2)/b/n' undefined
(Font)              using `TU/latinmodern-math.otf(2)/m/n' instead on input lin
e 1019.

LaTeX Font Info:    Font shape `TU/latinmodern-math.otf(2)/b/n' will be
(Font)              scaled to size 6.0pt on input line 1019.
LaTeX Font Info:    Font shape `TU/latinmodern-math.otf(2)/b/n' will be
(Font)              scaled to size 5.0pt on input line 1019.

LaTeX Font Warning: Font shape `TU/latinmodern-math.otf(3)/b/n' undefined
(Font)              using `TU/latinmodern-math.otf(3)/m/n' instead on input lin
e 1019.

LaTeX Font Info:    Font shape `TU/latinmodern-math.otf(3)/b/n' will be
(Font)              scaled to size 6.0pt on input line 1019.
LaTeX Font Info:    Font shape `TU/latinmodern-math.otf(3)/b/n' will be
(Font)              scaled to size 5.0pt on input line 1019.
[10]
LaTeX Font Info:    Font shape `TU/lmmono10-regular.otf(0)/m/it' will be
(Font)              scaled to size 9.0pt on input line 1232.
 [11]
LaTeX Font Info:    Font shape `TU/lmmono10-regular.otf(0)/b/n' will be
(Font)              scaled to size 9.0pt on input line 1368.

Floatstructure:1659
<../figures/message_passing.png, id=4392, 1047.5865pt x 336.384pt>
File: ../figures/message_passing.png Graphic file (type png)
<use ../figures/message_passing.png>
Package luatex.def Info: ../figures/message_passing.png  used on input line 141
5.
(luatex.def)             Requested size: 569.84436pt x 182.97917pt.
[12] [13<../figures/message_passing.png>] [14]
Floatstructure:1848
<../figures/generative_model_schema.png, id=4951, 898.776pt x 586.701pt>
File: ../figures/generative_model_schema.png Graphic file (type png)
<use ../figures/generative_model_schema.png>
Package luatex.def Info: ../figures/generative_model_schema.png  used on input
line 1680.
(luatex.def)             Requested size: 530.58867pt x 346.35649pt.
[15<../figures/generative_model_schema.png>]
Floatstructure:1957
<../figures/pomdp_loop.png, id=5177, 840.96pt x 572.5755pt>
File: ../figures/pomdp_loop.png Graphic file (type png)
<use ../figures/pomdp_loop.png>
Package luatex.def Info: ../figures/pomdp_loop.png  used on input line 1835.
(luatex.def)             Requested size: 508.69896pt x 346.35246pt.
[16] [17<../figures/pomdp_loop.png>]
LaTeX Font Info:    Font shape `TU/latinmodern-math.otf(1)/b/n' will be
(Font)              scaled to size 9.0pt on input line 1924.
LaTeX Font Info:    Font shape `TU/latinmodern-math.otf(2)/b/n' will be
(Font)              scaled to size 9.0pt on input line 1924.
LaTeX Font Info:    Font shape `TU/latinmodern-math.otf(3)/b/n' will be
(Font)              scaled to size 9.0pt on input line 1924.
 [18] [19] [20] [21] [22]
Floatstructure:2677
<../figures/complexity_scaling.png, id=6572, 880.38pt x 642.2175pt>
File: ../figures/complexity_scaling.png Graphic file (type png)
<use ../figures/complexity_scaling.png>
Package luatex.def Info: ../figures/complexity_scaling.png  used on input line
2642.
(luatex.def)             Requested size: 474.80705pt x 346.3611pt.
[23<../figures/complexity_scaling.png>]
Floatstructure:2903
<../figures/efe_decomposition.png, id=6947, 773.289pt x 495.378pt>
File: ../figures/efe_decomposition.png Graphic file (type png)
<use ../figures/efe_decomposition.png>
Package luatex.def Info: ../figures/efe_decomposition.png  used on input line 2
865.
(luatex.def)             Requested size: 509.86494pt x 326.62546pt.
LaTeX Font Info:    Font shape `TU/latinmodern-math.otf(1)/b/n' will be
(Font)              scaled to size 10.0pt on input line 2881.
LaTeX Font Info:    Font shape `TU/latinmodern-math.otf(1)/b/n' will be
(Font)              scaled to size 7.0pt on input line 2881.
LaTeX Font Info:    Font shape `TU/latinmodern-math.otf(2)/b/n' will be
(Font)              scaled to size 10.0pt on input line 2881.
LaTeX Font Info:    Font shape `TU/latinmodern-math.otf(2)/b/n' will be
(Font)              scaled to size 7.0pt on input line 2881.
LaTeX Font Info:    Font shape `TU/latinmodern-math.otf(3)/b/n' will be
(Font)              scaled to size 10.0pt on input line 2881.
LaTeX Font Info:    Font shape `TU/latinmodern-math.otf(3)/b/n' will be
(Font)              scaled to size 7.0pt on input line 2881.
[24] [25<../figures/efe_decomposition.png>] [26] [27]
Floatstructure:3155
<../figures/free_energy_comparison.png, id=7531, 504.576pt x 374.49pt>
File: ../figures/free_energy_comparison.png Graphic file (type png)
<use ../figures/free_energy_comparison.png>
Package luatex.def Info: ../figures/free_energy_comparison.png  used on input l
ine 3192.
(luatex.def)             Requested size: 466.67929pt x 346.36353pt.
Floatstructure:3171
<../figures/belief_heatmap.png, id=7561, 466.7985pt x 302.22pt>
File: ../figures/belief_heatmap.png Graphic file (type png)
<use ../figures/belief_heatmap.png>
Package luatex.def Info: ../figures/belief_heatmap.png  used on input line 3216
.
(luatex.def)             Requested size: 479.88898pt x 310.69518pt.
[28<../figures/free_energy_comparison.png>] [29<../figures/belief_heatmap.png>]
Floatstructure:3256
<../figures/language_kl_decay.png, id=7713, 562.392pt x 360.036pt>
File: ../figures/language_kl_decay.png Graphic file (type png)
<use ../figures/language_kl_decay.png>
Package luatex.def Info: ../figures/language_kl_decay.png  used on input line 3
319.
(luatex.def)             Requested size: 479.88045pt x 307.21318pt.
[30<../figures/language_kl_decay.png>]
Floatstructure:3310
<../figures/emergence_bmr.png, id=7819, 504.576pt x 367.263pt>
File: ../figures/emergence_bmr.png Graphic file (type png)
<use ../figures/emergence_bmr.png>
Package luatex.def Info: ../figures/emergence_bmr.png  used on input line 3387.

(luatex.def)             Requested size: 475.85675pt x 346.35927pt.
[31<../figures/emergence_bmr.png>]
Overfull \hbox (0.15294pt too wide) in alignment at lines 3488--3519
 [][][][][][][]
 []


Overfull \hbox (0.15294pt too wide) in alignment at lines 3519--3537
 [][][][][][][]
 []


Overfull \hbox (0.15294pt too wide) in alignment at lines 3537--3539
 [][][][][][][]
 []


Overfull \hbox (0.15294pt too wide) in alignment at lines 3539--3560
 [][][][][][][]
 []

Floatstructure:3978
<../figures/robustness_sweep.png, id=8551, 543.0105pt x 361.0215pt>
File: ../figures/robustness_sweep.png Graphic file (type png)
<use ../figures/robustness_sweep.png>
Package luatex.def Info: ../figures/robustness_sweep.png  used on input line 35
64.
(luatex.def)             Requested size: 479.8807pt x 319.04953pt.
[32] [33<../figures/robustness_sweep.png>]
Floatstructure:4422
<../figures/robust_influence_weights.png, id=9073, 649.116pt x 360.036pt>
File: ../figures/robust_influence_weights.png Graphic file (type png)
<use ../figures/robust_influence_weights.png>
Package luatex.def Info: ../figures/robust_influence_weights.png  used on input
 line 3798.
(luatex.def)             Requested size: 479.8827pt x 266.16975pt.
[34] [35<../figures/robust_influence_weights.png>]
Floatstructure:4450
<../figures/aggregation_descent.png, id=9161, 467.127pt x 287.766pt>
File: ../figures/aggregation_descent.png Graphic file (type png)
<use ../figures/aggregation_descent.png>
Package luatex.def Info: ../figures/aggregation_descent.png  used on input line
 3841.
(luatex.def)             Requested size: 479.8703pt x 295.6163pt.
Floatstructure:4465
<../figures/bounded_influence.png, id=9190, 519.03pt x 302.22pt>
File: ../figures/bounded_influence.png Graphic file (type png)
<use ../figures/bounded_influence.png>
Package luatex.def Info: ../figures/bounded_influence.png  used on input line 3
867.
(luatex.def)             Requested size: 479.89723pt x 279.43382pt.
[36<../figures/aggregation_descent.png>] [37<../figures/bounded_influence.png>]
Floatstructure:4533
<../figures/bnn_robustness.png, id=9348, 437.8905pt x 287.766pt>
File: ../figures/bnn_robustness.png Graphic file (type png)
<use ../figures/bnn_robustness.png>
Package luatex.def Info: ../figures/bnn_robustness.png  used on input line 3963
.
(luatex.def)             Requested size: 479.88367pt x 315.3624pt.
[38<../figures/bnn_robustness.png>] [39] [40] [41] [42] [43] [44] [45] [46]
[47] [48] [49]
Floatstructure:5890
<../figures/descent_comparison.png, id=12001, 446.76pt x 302.22pt>
File: ../figures/descent_comparison.png Graphic file (type png)
<use ../figures/descent_comparison.png>
Package luatex.def Info: ../figures/descent_comparison.png  used on input line
5542.
(luatex.def)             Requested size: 479.88269pt x 324.62653pt.
[50<../figures/descent_comparison.png>] [51]
Floatstructure:6288
<../figures/contamination_gallery.png, id=12570, 793.656pt x 424.0935pt>
File: ../figures/contamination_gallery.png Graphic file (type png)
<use ../figures/contamination_gallery.png>
Package luatex.def Info: ../figures/contamination_gallery.png  used on input li
ne 5834.
(luatex.def)             Requested size: 509.87575pt x 272.4543pt.
[52<../figures/contamination_gallery.png>]
Floatstructure:6443
<../figures/robustness_onset.png, id=12754, 984.5145pt x 319.6305pt>
File: ../figures/robustness_onset.png Graphic file (type png)
<use ../figures/robustness_onset.png>
Package luatex.def Info: ../figures/robustness_onset.png  used on input line 59
34.
(luatex.def)             Requested size: 569.84705pt x 185.00539pt.
Floatstructure:6458
<../figures/conditional_world.png, id=12776, 890.892pt x 401.427pt>
File: ../figures/conditional_world.png Graphic file (type png)
<use ../figures/conditional_world.png>
Package luatex.def Info: ../figures/conditional_world.png  used on input line 5
974.
(luatex.def)             Requested size: 569.84268pt x 256.76538pt.
[53<../figures/robustness_onset.png>] [54<../figures/conditional_world.png>]
Floatstructure:6477
<../figures/robustness_review_grid.png, id=12829, 1037.7315pt x 532.4985pt>
File: ../figures/robustness_review_grid.png Graphic file (type png)
<use ../figures/robustness_review_grid.png>
Package luatex.def Info: ../figures/robustness_review_grid.png  used on input l
ine 6028.
(luatex.def)             Requested size: 569.86737pt x 292.42006pt.
Floatstructure:6492
<../figures/belief_quality.png, id=12847, 778.8735pt x 380.403pt>
File: ../figures/belief_quality.png Graphic file (type png)
<use ../figures/belief_quality.png>
Package luatex.def Info: ../figures/belief_quality.png  used on input line 6074
.
(luatex.def)             Requested size: 539.88342pt x 263.67987pt.
[55<../figures/robustness_review_grid.png>] [56<../figures/belief_quality.png>]
[57]
ignored: Infinite glue shrinkage found in box being split [58] [59] [60]
Floatstructure:7191
<../figures/moving_world.png, id=13715, 716.13pt x 281.196pt>
File: ../figures/moving_world.png Graphic file (type png)
<use ../figures/moving_world.png>
Package luatex.def Info: ../figures/moving_world.png  used on input line 6616.
(luatex.def)             Requested size: 479.87018pt x 188.42607pt.
Floatstructure:7213
<../figures/disjoint_fov_world.png, id=13746, 815.337pt x 351.8235pt>
File: ../figures/disjoint_fov_world.png Graphic file (type png)
<use ../figures/disjoint_fov_world.png>
Package luatex.def Info: ../figures/disjoint_fov_world.png  used on input line
6678.
(luatex.def)             Requested size: 479.87521pt x 207.06943pt.
[61<../figures/moving_world.png>] [62<../figures/disjoint_fov_world.png>]
Floatstructure:7274
<../figures/hierarchical_pomdp.png, id=13854, 724.671pt x 422.7795pt>
File: ../figures/hierarchical_pomdp.png Graphic file (type png)
<use ../figures/hierarchical_pomdp.png>
Package luatex.def Info: ../figures/hierarchical_pomdp.png  used on input line
6803.
(luatex.def)             Requested size: 479.87663pt x 279.96428pt.
[63] [64<../figures/hierarchical_pomdp.png>] [65]
Floatstructure:7637
<../figures/sensitivity_heatmap.png, id=14358, 770.9895pt x 360.3645pt>
File: ../figures/sensitivity_heatmap.png Graphic file (type png)
<use ../figures/sensitivity_heatmap.png>
Package luatex.def Info: ../figures/sensitivity_heatmap.png  used on input line
 7205.
(luatex.def)             Requested size: 539.87721pt x 252.3414pt.
Floatstructure:7646
<../figures/cross_study_summary.png, id=14373, 815.337pt x 1201.9815pt>
File: ../figures/cross_study_summary.png Graphic file (type png)
<use ../figures/cross_study_summary.png>
Package luatex.def Info: ../figures/cross_study_summary.png  used on input line
 7226.
(luatex.def)             Requested size: 234.93631pt x 346.34648pt.
[66] [67<../figures/sensitivity_heatmap.png>] [68<../figures/cross_study_summary
.png>] [69]
Floatstructure:7861
<../figures/parameter_recovery.png, id=14703, 793.656pt x 373.176pt>
File: ../figures/parameter_recovery.png Graphic file (type png)
<use ../figures/parameter_recovery.png>
Package luatex.def Info: ../figures/parameter_recovery.png  used on input line
7432.
(luatex.def)             Requested size: 539.8606pt x 253.84172pt.
[70<../figures/parameter_recovery.png>]
Floatstructure:7884
<../figures/hierarchical_bmr.png, id=14749, 497.0205pt x 273.312pt>
File: ../figures/hierarchical_bmr.png Graphic file (type png)
<use ../figures/hierarchical_bmr.png>
Package luatex.def Info: ../figures/hierarchical_bmr.png  used on input line 74
85.
(luatex.def)             Requested size: 479.8872pt x 263.89038pt.
[71<../figures/hierarchical_bmr.png>]
Floatstructure:7917
<../figures/heuristic_breakdown.png, id=14814, 1082.736pt x 331.128pt>
File: ../figures/heuristic_breakdown.png Graphic file (type png)
<use ../figures/heuristic_breakdown.png>
Package luatex.def Info: ../figures/heuristic_breakdown.png  used on input line
 7573.
(luatex.def)             Requested size: 569.86574pt x 174.27931pt.
(./_combined_manuscript.bbl [72<../figures/heuristic_breakdown.png>] [73]
[74]) [75]<<latex-list-css.html>><<latex-align-css.html>>
(./_combined_manuscript.aux)
 ***********
LaTeX2e <2025-11-01>
L3 programming layer <2026-01-19>
 ***********


LaTeX Font Warning: Some font shapes were not available, defaults substituted.

MathML statistic
================
==> 802 MathML fragments read
==> 396 different MathML fragments
==> 802 math fragments found
==> 802 fitting MathML AF found
==> 802 MathML AF attached

Package tagpdf Info: Finalizing the tagging structure:
(tagpdf)             Writing out ~8368 structure objects
(tagpdf)             with ~9033 'MC' leaf nodes.
(tagpdf)             Be patient if there are lots of objects!

Package tagpdf Info: writing ParentTree
Package tagpdf Info: writing IDTree
Package tagpdf Info: writing RoleMap
Package tagpdf Info: writing ClassMap
Package tagpdf Info: writing NameSpaces
Package tagpdf Info: writing StructElems
Package tagpdf Info: writing Root
)

Here is how much of LuaTeX's memory you used:
 53486 strings out of 476076
 382253,5906145 words of node,token memory allocated
 21529 words of node memory still in use:
   7 hlist, 2 vlist, 2 rule, 1 local_par, 4 glue, 4 kern, 1 penalty, 1 margin_ke
rn, 4 glyph, 8503 attribute, 68 glue_spec, 1961 attribute_list, 1 write, 1 user_
defined nodes
   avail lists: 1:21,2:73480,3:2492,4:475,5:1068,6:348,7:20720,8:112,9:2464,10:4
1,11:1662
 73914 multiletter control sequences out of 65536+600000
 91 fonts using 20732535 bytes
 90i,13n,117p,2105b,1642s stack positions out of 10000i,1000n,20000p,200000b,200000s
</usr/local/texlive/2026basic/texmf-dist/fonts/opentype/public/lm/lmroman10-ital
ic.otf></usr/local/texlive/2026basic/texmf-dist/fonts/opentype/public/lm/lmmonol
t10-bold.otf></usr/local/texlive/2026basic/texmf-dist/fonts/opentype/public/lm/l
mroman5-regular.otf></usr/local/texlive/2026basic/texmf-dist/fonts/opentype/publ
ic/lm/lmmono10-italic.otf></usr/local/texlive/2026basic/texmf-dist/fonts/opentyp
e/public/lm-math/latinmodern-math.otf></usr/local/texlive/2026basic/texmf-dist/f
onts/opentype/public/lm/lmroman6-regular.otf></usr/local/texlive/2026basic/texmf
-dist/fonts/opentype/public/lm/lmroman9-italic.otf></usr/local/texlive/2026basic
/texmf-dist/fonts/opentype/public/lm-math/latinmodern-math.otf></usr/local/texli
ve/2026basic/texmf-dist/fonts/opentype/public/lm-math/latinmodern-math.otf></usr
/local/texlive/2026basic/texmf-dist/fonts/opentype/public/lm/lmroman10-bold.otf>
</usr/local/texlive/2026basic/texmf-dist/fonts/opentype/public/lm/lmroman10-regu
lar.otf></usr/local/texlive/2026basic/texmf-dist/fonts/opentype/public/lm/lmroma
n9-bold.otf></usr/local/texlive/2026basic/texmf-dist/fonts/opentype/public/lm/lm
roman12-bold.otf></usr/local/texlive/2026basic/texmf-dist/fonts/opentype/public/
lm/lmroman9-regular.otf></usr/local/texlive/2026basic/texmf-dist/fonts/opentype/
public/lm/lmmono10-regular.otf></usr/local/texlive/2026basic/texmf-dist/fonts/op
entype/public/lm/lmsans9-regular.otf></usr/local/texlive/2026basic/texmf-dist/fo
nts/opentype/public/lm/lmsans12-regular.otf></usr/local/texlive/2026basic/texmf-
dist/fonts/opentype/public/lm/lmsans10-bold.otf>
Output written on _combined_manuscript.pdf (76 pages, 9131129 bytes).

PDF statistics: 16379 PDF objects out of 18468 (max. 8388607)
 14840 compressed objects within 149 object streams
 632 named destinations out of 1000 (max. 1048576)
 63686 words of extra memory for PDF output out of 74501 (max. 100000000)
