This is XeTeX, Version 3.141592653-2.6-0.999998 (TeX Live 2026) (preloaded format=xelatex)
entering extended mode
(./_combined_manuscript.tex
LaTeX2e <2025-11-01>
L3 programming layer <2026-01-19>
(/usr/local/texlive/2026basic/texmf-dist/tex/latex/base/article.cls
Document Class: article 2025/01/22 v1.4n Standard LaTeX document class
(/usr/local/texlive/2026basic/texmf-dist/tex/latex/base/size10.clo))
(/usr/local/texlive/2026basic/texmf-dist/tex/latex/xcolor/xcolor.sty
(/usr/local/texlive/2026basic/texmf-dist/tex/latex/graphics-cfg/color.cfg)
(/usr/local/texlive/2026basic/texmf-dist/tex/latex/graphics-def/xetex.def)
(/usr/local/texlive/2026basic/texmf-dist/tex/latex/graphics/mathcolor.ltx))
(/usr/local/texlive/2026basic/texmf-dist/tex/latex/amsmath/amsmath.sty
For additional information on amsmath, use the `?' option.
(/usr/local/texlive/2026basic/texmf-dist/tex/latex/amsmath/amstext.sty
(/usr/local/texlive/2026basic/texmf-dist/tex/latex/amsmath/amsgen.sty))
(/usr/local/texlive/2026basic/texmf-dist/tex/latex/amsmath/amsbsy.sty)
(/usr/local/texlive/2026basic/texmf-dist/tex/latex/amsmath/amsopn.sty))
(/usr/local/texlive/2026basic/texmf-dist/tex/latex/amsfonts/amssymb.sty
(/usr/local/texlive/2026basic/texmf-dist/tex/latex/amsfonts/amsfonts.sty))
(/usr/local/texlive/2026basic/texmf-dist/tex/generic/iftex/iftex.sty)
(/usr/local/texlive/2026basic/texmf-dist/tex/latex/unicode-math/unicode-math.st
y (/usr/local/texlive/2026basic/texmf-dist/tex/latex/l3kernel/expl3.sty
(/usr/local/texlive/2026basic/texmf-dist/tex/latex/l3backend/l3backend-xetex.de
f))
(/usr/local/texlive/2026basic/texmf-dist/tex/latex/unicode-math/unicode-math-xe
tex.sty
(/usr/local/texlive/2026basic/texmf-dist/tex/latex/l3packages/xparse/xparse.sty
)
(/usr/local/texlive/2026basic/texmf-dist/tex/latex/l3packages/l3keys2e/l3keys2e
.sty) (/usr/local/texlive/2026basic/texmf-dist/tex/latex/fontspec/fontspec.sty
(/usr/local/texlive/2026basic/texmf-dist/tex/latex/fontspec/fontspec-xetex.sty
(/usr/local/texlive/2026basic/texmf-dist/tex/latex/base/fontenc.sty)
(/usr/local/texlive/2026basic/texmf-dist/tex/latex/fontspec/fontspec.cfg)))
(/usr/local/texlive/2026basic/texmf-dist/tex/latex/base/fix-cm.sty
(/usr/local/texlive/2026basic/texmf-dist/tex/latex/base/ts1enc.def))
(/usr/local/texlive/2026basic/texmf-dist/tex/latex/unicode-math/unicode-math-ta
ble.tex)))
(/usr/local/texlive/2026basic/texmf-dist/tex/latex/upquote/upquote.sty
(/usr/local/texlive/2026basic/texmf-dist/tex/latex/base/textcomp.sty))
(/usr/local/texlive/2026basic/texmf-dist/tex/latex/microtype/microtype.sty
(/usr/local/texlive/2026basic/texmf-dist/tex/latex/graphics/keyval.sty)
(/usr/local/texlive/2026basic/texmf-dist/tex/latex/etoolbox/etoolbox.sty)
(/usr/local/texlive/2026basic/texmf-dist/tex/latex/microtype/microtype-xetex.de
f) (/usr/local/texlive/2026basic/texmf-dist/tex/latex/microtype/microtype.cfg))
 (/usr/local/texlive/2026basic/texmf-dist/tex/latex/parskip/parskip.sty
(/usr/local/texlive/2026basic/texmf-dist/tex/latex/kvoptions/kvoptions.sty
(/usr/local/texlive/2026basic/texmf-dist/tex/generic/ltxcmds/ltxcmds.sty)
(/usr/local/texlive/2026basic/texmf-dist/tex/latex/kvsetkeys/kvsetkeys.sty)))
(/usr/local/texlive/2026basic/texmf-dist/tex/latex/fancyvrb/fancyvrb.sty)
(/usr/local/texlive/2026basic/texmf-dist/tex/latex/tools/longtable.sty)
(/usr/local/texlive/2026basic/texmf-dist/tex/latex/booktabs/booktabs.sty)
(/usr/local/texlive/2026basic/texmf-dist/tex/latex/tools/array.sty)
(/usr/local/texlive/2026basic/texmf-dist/tex/latex/caption/caption.sty
(/usr/local/texlive/2026basic/texmf-dist/tex/latex/caption/caption3.sty)
(/usr/local/texlive/2026basic/texmf-dist/tex/latex/caption/ltcaption.sty))
(/usr/local/texlive/2026basic/texmf-dist/tex/latex/tools/calc.sty)
(/usr/local/texlive/2026basic/texmf-dist/tex/latex/footnotehyper/footnotehyper.
sty) (/usr/local/texlive/2026basic/texmf-dist/tex/latex/graphics/graphicx.sty
(/usr/local/texlive/2026basic/texmf-dist/tex/latex/graphics/graphics.sty
(/usr/local/texlive/2026basic/texmf-dist/tex/latex/graphics/trig.sty)
(/usr/local/texlive/2026basic/texmf-dist/tex/latex/graphics-cfg/graphics.cfg)))
(/usr/local/texlive/2026basic/texmf-dist/tex/generic/babel/babel.sty
(/usr/local/texlive/2026basic/texmf-dist/tex/generic/babel/xebabel.def)
(/usr/local/texlive/2026basic/texmf-dist/tex/generic/babel/locale/en/babel-engl
ish.tex)
(/usr/local/texlive/2026basic/texmf-dist/tex/generic/babel-english/english.ldf)
) (/usr/local/texlive/2026basic/texmf-dist/tex/latex/natbib/natbib.sty)
(/usr/local/texlive/2026basic/texmf-dist/tex/latex/caption/subcaption.sty)
(/usr/local/texlive/2026basic/texmf-dist/tex/latex/float/float.sty)
(/usr/local/texlive/2026basic/texmf-dist/tex/latex/bookmark/bookmark.sty
(/usr/local/texlive/2026basic/texmf-dist/tex/latex/hyperref/hyperref.sty
(/usr/local/texlive/2026basic/texmf-dist/tex/generic/kvdefinekeys/kvdefinekeys.
sty)
(/usr/local/texlive/2026basic/texmf-dist/tex/generic/pdfescape/pdfescape.sty
(/usr/local/texlive/2026basic/texmf-dist/tex/generic/pdftexcmds/pdftexcmds.sty
(/usr/local/texlive/2026basic/texmf-dist/tex/generic/infwarerr/infwarerr.sty)))
 (/usr/local/texlive/2026basic/texmf-dist/tex/latex/hycolor/hycolor.sty)
(/usr/local/texlive/2026basic/texmf-dist/tex/latex/hyperref/nameref.sty
(/usr/local/texlive/2026basic/texmf-dist/tex/latex/refcount/refcount.sty)
(/usr/local/texlive/2026basic/texmf-dist/tex/generic/gettitlestring/gettitlestr
ing.sty))
(/usr/local/texlive/2026basic/texmf-dist/tex/generic/stringenc/stringenc.sty)
(/usr/local/texlive/2026basic/texmf-dist/tex/latex/hyperref/pd1enc.def)
(/usr/local/texlive/2026basic/texmf-dist/tex/generic/intcalc/intcalc.sty)
(/usr/local/texlive/2026basic/texmf-dist/tex/latex/hyperref/puenc.def)
(/usr/local/texlive/2026basic/texmf-dist/tex/latex/url/url.sty)
(/usr/local/texlive/2026basic/texmf-dist/tex/generic/bitset/bitset.sty
(/usr/local/texlive/2026basic/texmf-dist/tex/generic/bigintcalc/bigintcalc.sty)
)) (/usr/local/texlive/2026basic/texmf-dist/tex/latex/hyperref/hxetex.def
(/usr/local/texlive/2026basic/texmf-dist/tex/latex/rerunfilecheck/rerunfilechec
k.sty
(/usr/local/texlive/2026basic/texmf-dist/tex/generic/uniquecounter/uniquecounte
r.sty)))
(/usr/local/texlive/2026basic/texmf-dist/tex/latex/bookmark/bkm-dvipdfm.def))
(<home>/Library/texmf/tex/latex/seqsplit/seqsplit.sty)
(/usr/local/texlive/2026basic/texmf-dist/tex/latex/amscls/amsthm.sty)
(/usr/local/texlive/2026basic/texmf-dist/tex/latex/geometry/geometry.sty
(/usr/local/texlive/2026basic/texmf-dist/tex/generic/iftex/ifvtex.sty))
(/usr/local/texlive/2026basic/texmf-dist/tex/latex/listings/listings.sty
(/usr/local/texlive/2026basic/texmf-dist/tex/latex/listings/lstpatch.sty)
(/usr/local/texlive/2026basic/texmf-dist/tex/latex/listings/lstmisc.sty)
(/usr/local/texlive/2026basic/texmf-dist/tex/latex/listings/listings.cfg))
==> First Aid for listings.sty no longer applied!
    Expected:
        2024/09/23 1.10c (Carsten Heinz)
    but found:
        2025/11/14 1.11b (Carsten Heinz)
    so I'm assuming it got fixed.
(./_combined_manuscript.aux)
(/usr/local/texlive/2026basic/texmf-dist/tex/latex/microtype/mt-LatinModernRoma
n.cfg)
*geometry* driver: auto-detecting
*geometry* detected driver: xetex
[1] (./_combined_manuscript.toc
(/usr/local/texlive/2026basic/texmf-dist/tex/latex/amsfonts/umsa.fd)
(/usr/local/texlive/2026basic/texmf-dist/tex/latex/microtype/mt-msa.cfg)
(/usr/local/texlive/2026basic/texmf-dist/tex/latex/amsfonts/umsb.fd)
(/usr/local/texlive/2026basic/texmf-dist/tex/latex/microtype/mt-msb.cfg)
[1] [2]
Overfull \hbox (0.37798pt too wide) detected at line 137
\TU/lmr/m/n/9 13.10

Overfull \hbox (0.37798pt too wide) detected at line 141
\TU/lmr/m/n/9 13.11

Overfull \hbox (0.37798pt too wide) detected at line 142
\TU/lmr/m/n/9 13.12

Overfull \hbox (0.37798pt too wide) detected at line 147
\TU/lmr/m/n/9 13.13

Overfull \hbox (0.37798pt too wide) detected at line 148
\TU/lmr/m/n/9 13.14
) [3] [4] [5] [6] [7] [8] [9]

LaTeX Font Warning: Font shape `TU/latinmodern-math.otf(1)/b/n' undefined
(Font)              using `TU/latinmodern-math.otf(1)/m/n' instead on input lin
e 1018.


LaTeX Font Warning: Font shape `TU/latinmodern-math.otf(2)/b/n' undefined
(Font)              using `TU/latinmodern-math.otf(2)/m/n' instead on input lin
e 1018.


LaTeX Font Warning: Font shape `TU/latinmodern-math.otf(3)/b/n' undefined
(Font)              using `TU/latinmodern-math.otf(3)/m/n' instead on input lin
e 1018.

[10] [11] [12] [13] [14] [15] [16] [17] [18] [19] [20] [21] [22] [23] [24]
[25] [26] [27] [28] [29] [30] [31] [32]
Overfull \hbox (0.15294pt too wide) in alignment at lines 3487--3518
 [] [] [] [] [] [] []

Overfull \hbox (0.15294pt too wide) in alignment at lines 3518--3536
 [] [] [] [] [] [] []

Overfull \hbox (0.15294pt too wide) in alignment at lines 3536--3538
 [] [] [] [] [] [] []

Overfull \hbox (0.15294pt too wide) in alignment at lines 3538--3559
 [] [] [] [] [] [] []
[33] [34] [35] [36] [37] [38] [39] [40] [41] [42] [43] [44] [45] [46] [47]
[48] [49] [50] [51] [52] [53] [54] [55] [56] [57] [58] [59] [60] [61] [62]
[63] [64] [65] [66] [67] [68] [69] [70] (./_combined_manuscript.bbl [71]
[72] [73]) [74] (./_combined_manuscript.aux)

LaTeX Font Warning: Some font shapes were not available, defaults substituted.

 )
(see the transcript file for additional information)
Output written on _combined_manuscript.pdf (75 pages).
Transcript written on _combined_manuscript.log.
